Archive member included because of file (symbol)

c:/winavr-20100110/bin/../lib/gcc/avr/4.3.3/../../../../avr/lib/avr51\libm.a(cmpsf2.o)
                              main.o (__ltsf2)
c:/winavr-20100110/bin/../lib/gcc/avr/4.3.3/../../../../avr/lib/avr51\libm.a(fixunssfsi.o)
                              main.o (__fixunssfsi)
c:/winavr-20100110/bin/../lib/gcc/avr/4.3.3/../../../../avr/lib/avr51\libm.a(floatsisf.o)
                              main.o (__floatunsisf)
c:/winavr-20100110/bin/../lib/gcc/avr/4.3.3/../../../../avr/lib/avr51\libm.a(fp_cmp.o)
                              c:/winavr-20100110/bin/../lib/gcc/avr/4.3.3/../../../../avr/lib/avr51\libm.a(cmpsf2.o) (__fp_cmp)
c:/winavr-20100110/bin/../lib/gcc/avr/4.3.3/../../../../avr/lib/avr51\libm.a(fp_split3.o)
                              c:/winavr-20100110/bin/../lib/gcc/avr/4.3.3/../../../../avr/lib/avr51\libm.a(fixunssfsi.o) (__fp_splitA)
c:/winavr-20100110/bin/../lib/gcc/avr/4.3.3/../../../../avr/lib/avr51\libm.a(fp_zero.o)
                              c:/winavr-20100110/bin/../lib/gcc/avr/4.3.3/../../../../avr/lib/avr51\libm.a(fixunssfsi.o) (__fp_zero)
c:/winavr-20100110/bin/../lib/gcc/avr/4.3.3/../../../../avr/lib/avr51\libm.a(gesf2.o)
                              main.o (__gtsf2)
c:/winavr-20100110/bin/../lib/gcc/avr/4.3.3/../../../../avr/lib/avr51\libm.a(mulsf3.o)
                              main.o (__mulsf3)
c:/winavr-20100110/bin/../lib/gcc/avr/4.3.3/../../../../avr/lib/avr51\libm.a(mulsf3x.o)
                              c:/winavr-20100110/bin/../lib/gcc/avr/4.3.3/../../../../avr/lib/avr51\libm.a(mulsf3.o) (__mulsf3x)
c:/winavr-20100110/bin/../lib/gcc/avr/4.3.3/../../../../avr/lib/avr51\libm.a(fp_inf.o)
                              c:/winavr-20100110/bin/../lib/gcc/avr/4.3.3/../../../../avr/lib/avr51\libm.a(mulsf3x.o) (__fp_inf)
c:/winavr-20100110/bin/../lib/gcc/avr/4.3.3/../../../../avr/lib/avr51\libm.a(fp_nan.o)
                              c:/winavr-20100110/bin/../lib/gcc/avr/4.3.3/../../../../avr/lib/avr51\libm.a(mulsf3x.o) (__fp_nan)
c:/winavr-20100110/bin/../lib/gcc/avr/4.3.3/../../../../avr/lib/avr51\libm.a(fp_pscA.o)
                              c:/winavr-20100110/bin/../lib/gcc/avr/4.3.3/../../../../avr/lib/avr51\libm.a(mulsf3x.o) (__fp_pscA)
c:/winavr-20100110/bin/../lib/gcc/avr/4.3.3/../../../../avr/lib/avr51\libm.a(fp_pscB.o)
                              c:/winavr-20100110/bin/../lib/gcc/avr/4.3.3/../../../../avr/lib/avr51\libm.a(mulsf3x.o) (__fp_pscB)
c:/winavr-20100110/bin/../lib/gcc/avr/4.3.3/../../../../avr/lib/avr51\libm.a(fp_round.o)
                              c:/winavr-20100110/bin/../lib/gcc/avr/4.3.3/../../../../avr/lib/avr51\libm.a(mulsf3.o) (__fp_round)
c:/winavr-20100110/bin/../lib/gcc/avr/4.3.3/avr51\libgcc.a(_udivmodqi4.o)
                              u8g2_selection_list.o (__udivmodqi4)
c:/winavr-20100110/bin/../lib/gcc/avr/4.3.3/avr51\libgcc.a(_udivmodhi4.o)
                              u8x8_d_a2printer.o (__udivmodhi4)
c:/winavr-20100110/bin/../lib/gcc/avr/4.3.3/avr51\libgcc.a(_divmodhi4.o)
                              u8g2_polygon.o (__divmodhi4)
c:/winavr-20100110/bin/../lib/gcc/avr/4.3.3/avr51\libgcc.a(_exit.o)
                              c:/winavr-20100110/bin/../lib/gcc/avr/4.3.3/../../../../avr/lib/avr51/crtm128.o (exit)
c:/winavr-20100110/bin/../lib/gcc/avr/4.3.3/avr51\libgcc.a(_clear_bss.o)
                              main.o (__do_clear_bss)
c:/winavr-20100110/bin/../lib/gcc/avr/4.3.3/../../../../avr/lib/avr51\libc.a(memset.o)
                              u8g2_buffer.o (memset)
c:/winavr-20100110/bin/../lib/gcc/avr/4.3.3/../../../../avr/lib/avr51\libc.a(putchar.o)
                              u8x8_d_stdio.o (putchar)
c:/winavr-20100110/bin/../lib/gcc/avr/4.3.3/../../../../avr/lib/avr51\libc.a(fputc.o)
                              c:/winavr-20100110/bin/../lib/gcc/avr/4.3.3/../../../../avr/lib/avr51\libc.a(putchar.o) (fputc)
c:/winavr-20100110/bin/../lib/gcc/avr/4.3.3/../../../../avr/lib/avr51\libc.a(iob.o)
                              c:/winavr-20100110/bin/../lib/gcc/avr/4.3.3/../../../../avr/lib/avr51\libc.a(putchar.o) (__iob)

Allocating common symbols
Common symbol       size              file

bitmap              0x80              u8x8_d_stdio.o
u8g2_pg             0x42              u8g2_polygon.o
u8g2                0x5d              main.o
__iob               0x6               c:/winavr-20100110/bin/../lib/gcc/avr/4.3.3/../../../../avr/lib/avr51\libc.a(iob.o)

Discarded input sections

 .data          0x00000000        0x0 c:/winavr-20100110/bin/../lib/gcc/avr/4.3.3/../../../../avr/lib/avr51/crtm128.o
 .bss           0x00000000        0x0 c:/winavr-20100110/bin/../lib/gcc/avr/4.3.3/../../../../avr/lib/avr51/crtm128.o
 .text          0x00000000        0x0 i2c_master.o
 .data          0x00000000        0x0 i2c_master.o
 .bss           0x00000000        0x0 i2c_master.o
 .text.i2c_read_ack
                0x00000000        0x0 i2c_master.o
 .text.i2c_read_nack
[...]
Memory Configuration

Name             Origin             Length             Attributes
text             0x00000000         0x00020000         xr
data             0x00800060         0x0000ffa0         rw !x
eeprom           0x00810000         0x00010000         rw !x
fuse             0x00820000         0x00000400         rw !x
lock             0x00830000         0x00000400         rw !x
signature        0x00840000         0x00000400         rw !x
*default*        0x00000000         0xffffffff

Linker script and memory map

Address of section .data set to 0x800100
LOAD c:/winavr-20100110/bin/../lib/gcc/avr/4.3.3/../../../../avr/lib/avr51/crtm128.o
LOAD i2c_master.o
LOAD main.o
LOAD u8g2_bitmap.o
LOAD u8g2_box.o
LOAD u8g2_buffer.o
LOAD u8g2_circle.o
LOAD u8g2_cleardisplay.o
LOAD u8g2_d_memory.o
LOAD u8g2_d_setup.o
LOAD u8g2_font.o
LOAD u8g2_fonts.o
LOAD u8g2_hvline.o
LOAD u8g2_input_value.o
LOAD u8g2_intersection.o
LOAD u8g2_kerning.o
LOAD u8g2_line.o
LOAD u8g2_ll_hvline.o
LOAD u8g2_message.o
LOAD u8g2_polygon.o
LOAD u8g2_selection_list.o
LOAD u8g2_setup.o
LOAD u8log.o
LOAD u8log_u8g2.o
LOAD u8log_u8x8.o
LOAD u8x8_8x8.o
LOAD u8x8_byte.o
LOAD u8x8_cad.o
LOAD u8x8_debounce.o
LOAD u8x8_display.o
LOAD u8x8_d_a2printer.o
LOAD u8x8_d_il3820_296x128.o
LOAD u8x8_d_ist3020.o
LOAD u8x8_d_ks0108.o
LOAD u8x8_d_lc7981.o
LOAD u8x8_d_ld7032_60x32.o
LOAD u8x8_d_ls013b7dh03.o
LOAD u8x8_d_max7219.o
LOAD u8x8_d_pcd8544_84x48.o
LOAD u8x8_d_pcf8812.o
LOAD u8x8_d_pcf8814_hx1230.o
LOAD u8x8_d_sbn1661.o
LOAD u8x8_d_sed1330.o
LOAD u8x8_d_sh1106_64x32.o
LOAD u8x8_d_sh1106_72x40.o
LOAD u8x8_d_sh1107.o
LOAD u8x8_d_sh1108.o
LOAD u8x8_d_sh1122.o
LOAD u8x8_d_ssd1305.o
LOAD u8x8_d_ssd1306_128x32.o
LOAD u8x8_d_ssd1306_128x64_noname.o
LOAD u8x8_d_ssd1306_48x64.o
LOAD u8x8_d_ssd1306_64x32.o
LOAD u8x8_d_ssd1306_64x48.o
LOAD u8x8_d_ssd1306_96x16.o
LOAD u8x8_d_ssd1309.o
LOAD u8x8_d_ssd1317.o
LOAD u8x8_d_ssd1322.o
LOAD u8x8_d_ssd1325.o
LOAD u8x8_d_ssd1326.o
LOAD u8x8_d_ssd1327.o
LOAD u8x8_d_ssd1329.o
LOAD u8x8_d_ssd1606_172x72.o
LOAD u8x8_d_ssd1607_200x200.o
LOAD u8x8_d_st75256.o
LOAD u8x8_d_st7565.o
LOAD u8x8_d_st7567.o
LOAD u8x8_d_st7586s_erc240160.o
LOAD u8x8_d_st7586s_s028hn118a.o
LOAD u8x8_d_st7588.o
LOAD u8x8_d_st7920.o
LOAD u8x8_d_stdio.o
LOAD u8x8_d_t6963.o
LOAD u8x8_d_uc1601.o
LOAD u8x8_d_uc1604.o
LOAD u8x8_d_uc1608.o
LOAD u8x8_d_uc1610.o
LOAD u8x8_d_uc1611.o
LOAD u8x8_d_uc1617.o
LOAD u8x8_d_uc1638.o
LOAD u8x8_d_uc1701_dogs102.o
LOAD u8x8_d_uc1701_mini12864.o
LOAD u8x8_fonts.o
LOAD u8x8_gpio.o
LOAD u8x8_input_value.o
LOAD u8x8_message.o
LOAD u8x8_selection_list.o
LOAD u8x8_setup.o
LOAD u8x8_string.o
LOAD u8x8_u16toa.o
LOAD u8x8_u8toa.o
START GROUP
LOAD c:/winavr-20100110/bin/../lib/gcc/avr/4.3.3/../../../../avr/lib/avr51\libm.a
END GROUP
LOAD c:/winavr-20100110/bin/../lib/gcc/avr/4.3.3/avr51\libgcc.a
LOAD c:/winavr-20100110/bin/../lib/gcc/avr/4.3.3/../../../../avr/lib/avr51\libc.a
LOAD c:/winavr-20100110/bin/../lib/gcc/avr/4.3.3/avr51\libgcc.a

.hash
 *(.hash)

.dynsym
 *(.dynsym)

.dynstr
 *(.dynstr)

.gnu.version
 *(.gnu.version)

.gnu.version_d
 *(.gnu.version_d)

.gnu.version_r
 *(.gnu.version_r)

.rel.init
 *(.rel.init)

.rela.init
 *(.rela.init)

.rel.text
 *(.rel.text)
 *(.rel.text.*)
 *(.rel.gnu.linkonce.t*)

.rela.text
 *(.rela.text)
 *(.rela.text.*)
 *(.rela.gnu.linkonce.t*)

.rel.fini
 *(.rel.fini)

.rela.fini
 *(.rela.fini)

.rel.rodata
 *(.rel.rodata)
 *(.rel.rodata.*)
 *(.rel.gnu.linkonce.r*)

.rela.rodata
 *(.rela.rodata)
 *(.rela.rodata.*)
 *(.rela.gnu.linkonce.r*)

.rel.data
 *(.rel.data)
 *(.rel.data.*)
 *(.rel.gnu.linkonce.d*)

.rela.data
 *(.rela.data)
 *(.rela.data.*)
 *(.rela.gnu.linkonce.d*)

.rel.ctors
 *(.rel.ctors)

.rela.ctors
 *(.rela.ctors)

.rel.dtors
 *(.rel.dtors)

.rela.dtors
 *(.rela.dtors)

.rel.got
 *(.rel.got)

.rela.got
 *(.rela.got)

.rel.bss
 *(.rel.bss)

.rela.bss
 *(.rela.bss)

.rel.plt
 *(.rel.plt)

.rela.plt
 *(.rela.plt)

.text           0x00000000     0x25d6
 *(.vectors)
 .vectors       0x00000000       0x8c c:/winavr-20100110/bin/../lib/gcc/avr/4.3.3/../../../../avr/lib/avr51/crtm128.o
                0x00000000                __vectors
                0x00000000                __vector_default
 *(.vectors)
 *(.progmem.gcc*)
 *(.progmem*)
 .progmem.u8g2_font_ncenB08_tf
                0x0000008c      0x9d6 u8g2_fonts.o
                0x0000008c                u8g2_font_ncenB08_tf
                0x00000a62                . = ALIGN (0x2)
                0x00000a62                __trampolines_start = .
 *(.trampolines)
 .trampolines   0x00000a62        0x0 linker stubs
 *(.trampolines*)
                0x00000a62                __trampolines_end = .
 *(.jumptables)
 *(.jumptables*)
 *(.lowtext)
 *(.lowtext*)
                0x00000a62                __ctors_start = .
 *(.ctors)
                0x00000a62                __ctors_end = .
                0x00000a62                __dtors_start = .
 *(.dtors)
                0x00000a62                __dtors_end = .
 SORT(*)(.ctors)
 SORT(*)(.dtors)
 *(.init0)
 .init0         0x00000a62        0x0 c:/winavr-20100110/bin/../lib/gcc/avr/4.3.3/../../../../avr/lib/avr51/crtm128.o
                0x00000a62                __init
 *(.init0)
 *(.init1)
 *(.init1)
 *(.init2)
 .init2         0x00000a62        0xc c:/winavr-20100110/bin/../lib/gcc/avr/4.3.3/../../../../avr/lib/avr51/crtm128.o
 *(.init2)
 *(.init3)
 *(.init3)
 *(.init4)
 .init4         0x00000a6e       0x1a c:/winavr-20100110/bin/../lib/gcc/avr/4.3.3/../../../../avr/lib/avr51/crtm128.o
                0x00000a6e                __do_copy_data
 .init4         0x00000a88       0x10 c:/winavr-20100110/bin/../lib/gcc/avr/4.3.3/avr51\libgcc.a(_clear_bss.o)
                0x00000a88                __do_clear_bss
 *(.init4)
 *(.init5)
 *(.init5)
 *(.init6)
 *(.init6)
 *(.init7)
 *(.init7)
 *(.init8)
 *(.init8)
 *(.init9)
 .init9         0x00000a98        0x6 c:/winavr-20100110/bin/../lib/gcc/avr/4.3.3/../../../../avr/lib/avr51/crtm128.o
 *(.init9)
 *(.text)
 .text          0x00000a9e        0x2 c:/winavr-20100110/bin/../lib/gcc/avr/4.3.3/../../../../avr/lib/avr51/crtm128.o
                0x00000a9e                __vector_22
                0x00000a9e                __vector_28
                0x00000a9e                __vector_1
                0x00000a9e                __vector_32
                0x00000a9e                __vector_34
                0x00000a9e                __vector_24
                0x00000a9e                __vector_12
                0x00000a9e                __bad_interrupt
                0x00000a9e                __vector_6
                0x00000a9e                __vector_31
                0x00000a9e                __vector_3
                0x00000a9e                __vector_23
                0x00000a9e                __vector_30
                0x00000a9e                __vector_25
                0x00000a9e                __vector_11
                0x00000a9e                __vector_13
                0x00000a9e                __vector_17
                0x00000a9e                __vector_19
                0x00000a9e                __vector_7
                0x00000a9e                __vector_27
                0x00000a9e                __vector_5
                0x00000a9e                __vector_33
                0x00000a9e                __vector_4
                0x00000a9e                __vector_9
                0x00000a9e                __vector_2
                0x00000a9e                __vector_21
                0x00000a9e                __vector_15
                0x00000a9e                __vector_29
                0x00000a9e                __vector_8
                0x00000a9e                __vector_26
                0x00000a9e                __vector_14
                0x00000a9e                __vector_10
                0x00000a9e                __vector_16
                0x00000a9e                __vector_18
                0x00000a9e                __vector_20
                0x00000aa0                . = ALIGN (0x2)
 *(.text.*)
 .text.i2c_initialize
                0x00000aa0        0x8 i2c_master.o
                0x00000aa0                i2c_initialize
 .text.i2c_Start
                0x00000aa8       0x4e i2c_master.o
                0x00000aa8                i2c_Start
 .text.i2c_write
                0x00000af6       0x26 i2c_master.o
                0x00000af6                i2c_write
 .text.i2c_Stop
                0x00000b1c        0x8 i2c_master.o
                0x00000b1c                i2c_Stop
 .text.gpio_and_delay_atmega128
                0x00000b24       0xc6 main.o
                0x00000b24                gpio_and_delay_atmega128
 .text.init_ssd1306
                0x00000bea       0xf4 main.o
                0x00000bea                init_ssd1306
 .text.main     0x00000cde      0x122 main.o
                0x00000cde                main
 .text.u8x8_byte_hw_i2c
                0x00000e00       0x6c main.o
                0x00000e00                u8x8_byte_hw_i2c
 .text.u8g2_DrawRFrame
                0x00000e6c       0xe8 u8g2_box.o
                0x00000e6c                u8g2_DrawRFrame
 .text.u8g2_send_buffer
                0x00000f54       0x9e u8g2_buffer.o
 .text.u8g2_SendBuffer
                0x00000ff2       0x14 u8g2_buffer.o
                0x00000ff2                u8g2_SendBuffer
 .text.u8g2_ClearBuffer
                0x00001006       0x38 u8g2_buffer.o
                0x00001006                u8g2_ClearBuffer
 .text.u8g2_draw_circle_section
                0x0000103e       0x96 u8g2_circle.o
 .text.u8g2_DrawCircle
                0x000010d4       0xa4 u8g2_circle.o
                0x000010d4                u8g2_DrawCircle
 .text.u8g2_m_16_8_f
                0x00001178        0xc u8g2_d_memory.o
                0x00001178                u8g2_m_16_8_f
 .text.u8g2_Setup_ssd1306_i2c_128x64_noname_f
                0x00001184       0x54 u8g2_d_setup.o
                0x00001184                u8g2_Setup_ssd1306_i2c_128x64_noname_f
 .text.u8g2_font_get_byte
                0x000011d8        0xc u8g2_font.o
 .text.u8g2_font_get_word
                0x000011e4       0x1a u8g2_font.o
 .text.u8g2_read_font_info
                0x000011fe       0xe4 u8g2_font.o
                0x000011fe                u8g2_read_font_info
 .text.u8g2_font_decode_get_unsigned_bits
                0x000012e2       0x60 u8g2_font.o
                0x000012e2                u8g2_font_decode_get_unsigned_bits
 .text.u8g2_font_decode_get_signed_bits
                0x00001342       0x1c u8g2_font.o
                0x00001342                u8g2_font_decode_get_signed_bits
 .text.u8g2_add_vector_y
                0x0000135e       0x1e u8g2_font.o
 .text.u8g2_add_vector_x
                0x0000137c       0x1e u8g2_font.o
 .text.u8g2_font_setup_decode
                0x0000139a       0x50 u8g2_font.o
 .text.u8g2_font_get_glyph_data
                0x000013ea      0x120 u8g2_font.o
                0x000013ea                u8g2_font_get_glyph_data
 .text.u8g2_UpdateRefHeight
                0x0000150a       0xe2 u8g2_font.o
                0x0000150a                u8g2_UpdateRefHeight
 .text.u8g2_font_calc_vref_font
                0x000015ec        0x4 u8g2_font.o
                0x000015ec                u8g2_font_calc_vref_font
 .text.u8g2_SetFontPosBaseline
                0x000015f0        0xc u8g2_font.o
                0x000015f0                u8g2_SetFontPosBaseline
 .text.u8g2_SetFont
                0x000015fc       0x24 u8g2_font.o
                0x000015fc                u8g2_SetFont
 .text.u8g2_font_decode_len
                0x00001620       0xc4 u8g2_font.o
                0x00001620                u8g2_font_decode_len
 .text.u8g2_font_decode_glyph
                0x000016e4      0x162 u8g2_font.o
                0x000016e4                u8g2_font_decode_glyph
 .text.u8g2_DrawGlyph
                0x00001846       0x7c u8g2_font.o
                0x00001846                u8g2_DrawGlyph
 .text.u8g2_draw_string
                0x000018c2       0x8e u8g2_font.o
 .text.u8g2_DrawStr
                0x00001950        0xe u8g2_font.o
                0x00001950                u8g2_DrawStr
 .text.u8g2_clip_intersection
                0x0000195e       0x36 u8g2_hvline.o
 .text.u8g2_draw_hv_line_4dir
                0x00001994      0x116 u8g2_hvline.o
                0x00001994                u8g2_draw_hv_line_4dir
 .text.u8g2_DrawHVLine
                0x00001aaa       0x1c u8g2_hvline.o
                0x00001aaa                u8g2_DrawHVLine
 .text.u8g2_DrawPixel
                0x00001ac6       0x28 u8g2_hvline.o
                0x00001ac6                u8g2_DrawPixel
 .text.u8g2_DrawVLine
                0x00001aee       0x3c u8g2_hvline.o
                0x00001aee                u8g2_DrawVLine
 .text.u8g2_DrawHLine
                0x00001b2a       0x3a u8g2_hvline.o
                0x00001b2a                u8g2_DrawHLine
 .text.u8g2_is_intersection_decision_tree
                0x00001b64       0x28 u8g2_intersection.o
                0x00001b64                u8g2_is_intersection_decision_tree
 .text.u8g2_IsIntersection
                0x00001b8c       0x32 u8g2_intersection.o
                0x00001b8c                u8g2_IsIntersection
 .text.u8g2_ll_hvline_vertical_top_lsb
                0x00001bbe       0xd4 u8g2_ll_hvline.o
                0x00001bbe                u8g2_ll_hvline_vertical_top_lsb
 .text.u8g2_update_dimension_common
                0x00001c92       0xc0 u8g2_setup.o
 .text.u8g2_update_dimension_r0
                0x00001d52       0x1e u8g2_setup.o
                0x00001d52                u8g2_update_dimension_r0
 .text.u8g2_draw_l90_r0
                0x00001d70        0x8 u8g2_setup.o
                0x00001d70                u8g2_draw_l90_r0
 .text.u8g2_SetupBuffer
                0x00001d78       0x58 u8g2_setup.o
                0x00001d78                u8g2_SetupBuffer
 .text.u8x8_utf8_init
                0x00001dd0        0x6 u8x8_8x8.o
                0x00001dd0                u8x8_utf8_init
 .text.u8x8_ascii_next
                0x00001dd6       0x16 u8x8_8x8.o
                0x00001dd6                u8x8_ascii_next
 .text.u8x8_byte_SendBytes
                0x00001dec       0x14 u8x8_byte.o
                0x00001dec                u8x8_byte_SendBytes
 .text.u8x8_byte_SendByte
                0x00001e00       0x1e u8x8_byte.o
                0x00001e00                u8x8_byte_SendByte
 .text.u8x8_byte_StartTransfer
                0x00001e1e       0x14 u8x8_byte.o
                0x00001e1e                u8x8_byte_StartTransfer
 .text.u8x8_byte_EndTransfer
                0x00001e32       0x14 u8x8_byte.o
                0x00001e32                u8x8_byte_EndTransfer
 .text.u8x8_cad_SendCmd
                0x00001e46       0x14 u8x8_cad.o
                0x00001e46                u8x8_cad_SendCmd
 .text.u8x8_cad_SendArg
                0x00001e5a       0x14 u8x8_cad.o
                0x00001e5a                u8x8_cad_SendArg
 .text.u8x8_cad_SendData
                0x00001e6e       0x14 u8x8_cad.o
                0x00001e6e                u8x8_cad_SendData
 .text.u8x8_cad_StartTransfer
                0x00001e82       0x14 u8x8_cad.o
                0x00001e82                u8x8_cad_StartTransfer
 .text.u8x8_cad_EndTransfer
                0x00001e96       0x14 u8x8_cad.o
                0x00001e96                u8x8_cad_EndTransfer
 .text.u8x8_i2c_data_transfer
                0x00001eaa       0x3c u8x8_cad.o
 .text.u8x8_cad_ssd13xx_i2c
                0x00001ee6       0xde u8x8_cad.o
                0x00001ee6                u8x8_cad_ssd13xx_i2c
 .text.u8x8_cad_SendSequence
                0x00001fc4       0xa8 u8x8_cad.o
                0x00001fc4                u8x8_cad_SendSequence
 .text.u8x8_d_helper_display_setup_memory
                0x0000206c       0x10 u8x8_display.o
                0x0000206c                u8x8_d_helper_display_setup_memory
 .text.u8x8_DrawTile
                0x0000207c       0x46 u8x8_display.o
                0x0000207c                u8x8_DrawTile
 .text.u8x8_SetupMemory
                0x000020c2       0x14 u8x8_display.o
                0x000020c2                u8x8_SetupMemory
 .text.u8x8_RefreshDisplay
                0x000020d6       0x14 u8x8_display.o
                0x000020d6                u8x8_RefreshDisplay
 .text.u8x8_d_helper_display_init
                0x000020ea       0x78 u8x8_display.o
                0x000020ea                u8x8_d_helper_display_init
 .text.u8x8_d_ssd1306_sh1106_generic
                0x00002162       0xf0 u8x8_d_ssd1306_128x64_noname.o
 .text.u8x8_d_ssd1306_128x64_noname
                0x00002252       0x42 u8x8_d_ssd1306_128x64_noname.o
                0x00002252                u8x8_d_ssd1306_128x64_noname
 .text.u8x8_gpio_call
                0x00002294       0x10 u8x8_gpio.o
                0x00002294                u8x8_gpio_call
 .text.u8x8_dummy_cb
                0x000022a4        0x4 u8x8_setup.o
                0x000022a4                u8x8_dummy_cb
 .text.u8x8_SetupDefaults
                0x000022a8       0x28 u8x8_setup.o
                0x000022a8                u8x8_SetupDefaults
 .text.u8x8_Setup
                0x000022d0       0x4a u8x8_setup.o
                0x000022d0                u8x8_Setup
 .text.avr-libc.fplib
                0x0000231a        0x8 c:/winavr-20100110/bin/../lib/gcc/avr/4.3.3/../../../../avr/lib/avr51\libm.a(cmpsf2.o)
                0x0000231a                __lesf2
                0x0000231a                __nesf2
                0x0000231a                __eqsf2
                0x0000231a                __cmpsf2
                0x0000231a                __ltsf2
 .text.avr-libc.fplib
                0x00002322       0x58 c:/winavr-20100110/bin/../lib/gcc/avr/4.3.3/../../../../avr/lib/avr51\libm.a(fixunssfsi.o)
                0x00002322                __fixunssfsi
 .text.avr-libc.fplib
                0x0000237a       0x7a c:/winavr-20100110/bin/../lib/gcc/avr/4.3.3/../../../../avr/lib/avr51\libm.a(floatsisf.o)
                0x0000237e                __floatsisf
                0x0000237a                __floatunsisf
 .text.avr-libc.fplib
                0x000023f4       0x48 c:/winavr-20100110/bin/../lib/gcc/avr/4.3.3/../../../../avr/lib/avr51\libm.a(fp_cmp.o)
                0x000023f4                __fp_cmp
 .text.avr-libc.fplib
                0x0000243c       0x44 c:/winavr-20100110/bin/../lib/gcc/avr/4.3.3/../../../../avr/lib/avr51\libm.a(fp_split3.o)
                0x0000243c                __fp_split3
                0x0000244c                __fp_splitA
 .text.avr-libc.fplib
                0x00002480        0xe c:/winavr-20100110/bin/../lib/gcc/avr/4.3.3/../../../../avr/lib/avr51\libm.a(fp_zero.o)
                0x00002480                __fp_zero
                0x00002482                __fp_szero
 .text.avr-libc.fplib
                0x0000248e        0x8 c:/winavr-20100110/bin/../lib/gcc/avr/4.3.3/../../../../avr/lib/avr51\libm.a(gesf2.o)
                0x0000248e                __gtsf2
                0x0000248e                __gesf2
 .text.avr-libc.fplib
                0x00002496        0x4 c:/winavr-20100110/bin/../lib/gcc/avr/4.3.3/../../../../avr/lib/avr51\libm.a(mulsf3.o)
                0x00002496                __mulsf3
 .text.avr-libc.fplib
                0x0000249a       0xc2 c:/winavr-20100110/bin/../lib/gcc/avr/4.3.3/../../../../avr/lib/avr51\libm.a(mulsf3x.o)
                0x000024b2                __mulsf3_pse
                0x000024ae                __mulsf3x
 .text.avr-libc.fplib
                0x0000255c        0xc c:/winavr-20100110/bin/../lib/gcc/avr/4.3.3/../../../../avr/lib/avr51\libm.a(fp_inf.o)
                0x0000255c                __fp_inf
 .text.avr-libc.fplib
                0x00002568        0x6 c:/winavr-20100110/bin/../lib/gcc/avr/4.3.3/../../../../avr/lib/avr51\libm.a(fp_nan.o)
                0x00002568                __fp_nan
 .text.avr-libc.fplib
                0x0000256e        0xe c:/winavr-20100110/bin/../lib/gcc/avr/4.3.3/../../../../avr/lib/avr51\libm.a(fp_pscA.o)
                0x0000256e                __fp_pscA
 .text.avr-libc.fplib
                0x0000257c        0xe c:/winavr-20100110/bin/../lib/gcc/avr/4.3.3/../../../../avr/lib/avr51\libm.a(fp_pscB.o)
                0x0000257c                __fp_pscB
 .text.avr-libc.fplib
                0x0000258a       0x22 c:/winavr-20100110/bin/../lib/gcc/avr/4.3.3/../../../../avr/lib/avr51\libm.a(fp_round.o)
                0x0000258a                __fp_round
 .text.libgcc   0x000025ac       0x18 c:/winavr-20100110/bin/../lib/gcc/avr/4.3.3/avr51\libgcc.a(_udivmodqi4.o)
                0x000025ac                __udivmodqi4
 .text.avr-libc
                0x000025c4        0xe c:/winavr-20100110/bin/../lib/gcc/avr/4.3.3/../../../../avr/lib/avr51\libc.a(memset.o)
                0x000025c4                memset
                0x000025d2                . = ALIGN (0x2)
 *(.fini9)
 .fini9         0x000025d2        0x0 c:/winavr-20100110/bin/../lib/gcc/avr/4.3.3/avr51\libgcc.a(_exit.o)
                0x000025d2                exit
                0x000025d2                _exit
 *(.fini9)
 *(.fini8)
 *(.fini8)
 *(.fini7)
 *(.fini7)
 *(.fini6)
 *(.fini6)
 *(.fini5)
 *(.fini5)
 *(.fini4)
 *(.fini4)
 *(.fini3)
 *(.fini3)
 *(.fini2)
 *(.fini2)
 *(.fini1)
 *(.fini1)
 *(.fini0)
 .fini0         0x000025d2        0x4 c:/winavr-20100110/bin/../lib/gcc/avr/4.3.3/avr51\libgcc.a(_exit.o)
 *(.fini0)
                0x000025d6                _etext = .

.data           0x00800100       0x88 load address 0x000025d6
                0x00800100                PROVIDE (__data_start, .)
 *(.data)
 .data          0x00800100       0x1e main.o
 *(.data*)
 *(.rodata)
 *(.rodata*)
 .rodata.u8g2_cb_r0
                0x0080011e        0x4 u8g2_setup.o
                0x0080011e                u8g2_cb_r0
 .rodata.u8x8_d_ssd1306_128x64_noname_powersave0_seq
                0x00800122        0x5 u8x8_d_ssd1306_128x64_noname.o
 .rodata.u8x8_d_ssd1306_128x64_noname_powersave1_seq
                0x00800127        0x5 u8x8_d_ssd1306_128x64_noname.o
 .rodata.u8x8_d_ssd1306_128x64_noname_flip0_seq
                0x0080012c        0x7 u8x8_d_ssd1306_128x64_noname.o
 .rodata.u8x8_d_ssd1306_128x64_noname_flip1_seq
                0x00800133        0x7 u8x8_d_ssd1306_128x64_noname.o
 .rodata.u8x8_d_ssd1306_128x64_noname_init_seq
                0x0080013a       0x35 u8x8_d_ssd1306_128x64_noname.o
 .rodata.u8x8_ssd1306_128x64_noname_display_info
                0x0080016f       0x18 u8x8_d_ssd1306_128x64_noname.o
 *(.gnu.linkonce.d*)
                0x00800188                . = ALIGN (0x2)
 *fill*         0x00800187        0x1 00
                0x00800188                _edata = .
                0x00800188                PROVIDE (__data_end, .)

.bss            0x00800188      0x45d
                0x00800188                PROVIDE (__bss_start, .)
 *(.bss)
 *(.bss*)
 .bss.buf.6665  0x00800188      0x400 u8g2_d_memory.o
 *(COMMON)
 COMMON         0x00800588       0x5d main.o
                0x00800588                u8g2
                0x008005e5                PROVIDE (__bss_end, .)
                0x000025d6                __data_load_start = LOADADDR (.data)
                0x0000265e                __data_load_end = (__data_load_start + SIZEOF (.data))

.noinit         0x008005e5        0x0
                0x008005e5                PROVIDE (__noinit_start, .)
 *(.noinit*)
                0x008005e5                PROVIDE (__noinit_end, .)
                0x008005e5                _end = .
                0x008005e5                PROVIDE (__heap_start, .)

.eeprom         0x00810000        0x0
 *(.eeprom*)
                0x00810000                __eeprom_end = .

.fuse
 *(.fuse)
 *(.lfuse)
 *(.hfuse)
 *(.efuse)

.lock
 *(.lock*)

.signature
 *(.signature*)

.stab
 *(.stab)

.stabstr
 *(.stabstr)

.stab.excl
 *(.stab.excl)

.stab.exclstr
 *(.stab.exclstr)

.stab.index
 *(.stab.index)

.stab.indexstr
 *(.stab.indexstr)

.comment
 *(.comment)

.debug
 *(.debug)

.line
 *(.line)

.debug_srcinfo
 *(.debug_srcinfo)

.debug_sfnames
 *(.debug_sfnames)

.debug_aranges  0x00000000     0x26c8
 *(.debug_aranges)
 .debug_aranges
                0x00000000       0x68 i2c_master.o
 .debug_aranges
                0x00000068       0x38 main.o
 .debug_aranges
                0x000000a0       0x50 u8g2_bitmap.o
 .debug_aranges
                0x000000f0       0x38 u8g2_box.o
 .debug_aranges
                0x00000128       0x48 u8g2_buffer.o
 .debug_aranges
                0x00000170       0x58 u8g2_circle.o
 .debug_aranges
                0x000001c8       0x20 u8g2_cleardisplay.o
 .debug_aranges
                0x000001e8      0x3f0 u8g2_d_memory.o
 .debug_aranges
                0x000005d8      0xeb8 u8g2_d_setup.o
 .debug_aranges
                0x00001490      0x188 u8g2_font.o
 .debug_aranges
                0x00001618       0x50 u8g2_hvline.o
 .debug_aranges
                0x00001668       0x20 u8g2_input_value.o
 .debug_aranges
                0x00001688       0x28 u8g2_intersection.o
 .debug_aranges
                0x000016b0       0x28 u8g2_kerning.o
 .debug_aranges
                0x000016d8       0x20 u8g2_line.o
 .debug_aranges
                0x000016f8       0x28 u8g2_ll_hvline.o
 .debug_aranges
                0x00001720       0x28 u8g2_message.o
 .debug_aranges
                0x00001748       0x60 u8g2_polygon.o
 .debug_aranges
                0x000017a8       0x40 u8g2_selection_list.o
 .debug_aranges
                0x000017e8       0x80 u8g2_setup.o
 .debug_aranges
                0x00001868       0x88 u8log.o
 .debug_aranges
                0x000018f0       0x28 u8log_u8g2.o
 .debug_aranges
                0x00001918       0x30 u8log_u8x8.o
 .debug_aranges
                0x00001948       0xb8 u8x8_8x8.o
 .debug_aranges
                0x00001a00       0xc0 u8x8_byte.o
 .debug_aranges
                0x00001ac0       0xa8 u8x8_cad.o
 .debug_aranges
                0x00001b68       0x20 u8x8_debounce.o
 .debug_aranges
                0x00001b88       0x80 u8x8_display.o
 .debug_aranges
                0x00001c08       0x30 u8x8_d_a2printer.o
 .debug_aranges
                0x00001c38       0x38 u8x8_d_il3820_296x128.o
 .debug_aranges
                0x00001c70       0x20 u8x8_d_ist3020.o
 .debug_aranges
                0x00001c90       0x30 u8x8_d_ks0108.o
 .debug_aranges
                0x00001cc0       0x40 u8x8_d_lc7981.o
 .debug_aranges
                0x00001d00       0x20 u8x8_d_ld7032_60x32.o
 .debug_aranges
                0x00001d20       0x28 u8x8_d_ls013b7dh03.o
 .debug_aranges
                0x00001d48       0x38 u8x8_d_max7219.o
 .debug_aranges
                0x00001d80       0x20 u8x8_d_pcd8544_84x48.o
 .debug_aranges
                0x00001da0       0x20 u8x8_d_pcf8812.o
 .debug_aranges
                0x00001dc0       0x20 u8x8_d_pcf8814_hx1230.o
 .debug_aranges
                0x00001de0       0x28 u8x8_d_sbn1661.o
 .debug_aranges
                0x00001e08       0x38 u8x8_d_sed1330.o
 .debug_aranges
                0x00001e40       0x20 u8x8_d_sh1106_64x32.o
 .debug_aranges
                0x00001e60       0x20 u8x8_d_sh1106_72x40.o
 .debug_aranges
                0x00001e80       0x38 u8x8_d_sh1107.o
 .debug_aranges
                0x00001eb8       0x20 u8x8_d_sh1108.o
 .debug_aranges
                0x00001ed8       0x28 u8x8_d_sh1122.o
 .debug_aranges
                0x00001f00       0x38 u8x8_d_ssd1305.o
 .debug_aranges
                0x00001f38       0x20 u8x8_d_ssd1306_128x32.o
 .debug_aranges
                0x00001f58       0x50 u8x8_d_ssd1306_128x64_noname.o
 .debug_aranges
                0x00001fa8       0x20 u8x8_d_ssd1306_48x64.o
 .debug_aranges
                0x00001fc8       0x30 u8x8_d_ssd1306_64x32.o
 .debug_aranges
                0x00001ff8       0x20 u8x8_d_ssd1306_64x48.o
 .debug_aranges
                0x00002018       0x20 u8x8_d_ssd1306_96x16.o
 .debug_aranges
                0x00002038       0x30 u8x8_d_ssd1309.o
 .debug_aranges
                0x00002068       0x20 u8x8_d_ssd1317.o
 .debug_aranges
                0x00002088       0x40 u8x8_d_ssd1322.o
 .debug_aranges
                0x000020c8       0x30 u8x8_d_ssd1325.o
 .debug_aranges
                0x000020f8       0x20 u8x8_d_ssd1326.o
 .debug_aranges
                0x00002118       0x38 u8x8_d_ssd1327.o
 .debug_aranges
                0x00002150       0x20 u8x8_d_ssd1329.o
 .debug_aranges
                0x00002170       0x28 u8x8_d_ssd1606_172x72.o
 .debug_aranges
                0x00002198       0x40 u8x8_d_ssd1607_200x200.o
 .debug_aranges
                0x000021d8       0x48 u8x8_d_st75256.o
 .debug_aranges
                0x00002220       0x78 u8x8_d_st7565.o
 .debug_aranges
                0x00002298       0x48 u8x8_d_st7567.o
 .debug_aranges
                0x000022e0       0x20 u8x8_d_st7586s_erc240160.o
 .debug_aranges
                0x00002300       0x20 u8x8_d_st7586s_s028hn118a.o
 .debug_aranges
                0x00002320       0x20 u8x8_d_st7588.o
 .debug_aranges
                0x00002340       0x30 u8x8_d_st7920.o
 .debug_aranges
                0x00002370       0x38 u8x8_d_stdio.o
 .debug_aranges
                0x000023a8       0x48 u8x8_d_t6963.o
 .debug_aranges
                0x000023f0       0x20 u8x8_d_uc1601.o
 .debug_aranges
                0x00002410       0x28 u8x8_d_uc1604.o
 .debug_aranges
                0x00002438       0x38 u8x8_d_uc1608.o
 .debug_aranges
                0x00002470       0x20 u8x8_d_uc1610.o
 .debug_aranges
                0x00002490       0x38 u8x8_d_uc1611.o
 .debug_aranges
                0x000024c8       0x28 u8x8_d_uc1617.o
 .debug_aranges
                0x000024f0       0x28 u8x8_d_uc1638.o
 .debug_aranges
                0x00002518       0x20 u8x8_d_uc1701_dogs102.o
 .debug_aranges
                0x00002538       0x20 u8x8_d_uc1701_mini12864.o
 .debug_aranges
                0x00002558       0x20 u8x8_gpio.o
 .debug_aranges
                0x00002578       0x20 u8x8_input_value.o
 .debug_aranges
                0x00002598       0x28 u8x8_message.o
 .debug_aranges
                0x000025c0       0x40 u8x8_selection_list.o
 .debug_aranges
                0x00002600       0x38 u8x8_setup.o
 .debug_aranges
                0x00002638       0x40 u8x8_string.o
 .debug_aranges
                0x00002678       0x28 u8x8_u16toa.o
 .debug_aranges
                0x000026a0       0x28 u8x8_u8toa.o

.debug_pubnames
                0x00000000     0xf429
 *(.debug_pubnames)
 .debug_pubnames
                0x00000000       0xb3 i2c_master.o
 .debug_pubnames
                0x000000b3       0x67 main.o
 .debug_pubnames
                0x0000011a       0xa3 u8g2_bitmap.o
 .debug_pubnames
                0x000001bd       0x5c u8g2_box.o
 .debug_pubnames
                0x00000219       0x7e u8g2_buffer.o
 .debug_pubnames
                0x00000297       0x68 u8g2_circle.o
 .debug_pubnames
                0x000002ff       0x28 u8g2_cleardisplay.o
 .debug_pubnames
                0x00000327      0x8dc u8g2_d_memory.o
 .debug_pubnames
                0x00000c03     0x415b u8g2_d_setup.o
 .debug_pubnames
                0x00004d5e      0x3d9 u8g2_font.o
 .debug_pubnames
                0x00005137     0x7dd3 u8g2_fonts.o
 .debug_pubnames
                0x0000cf0a       0x90 u8g2_hvline.o
 .debug_pubnames
                0x0000cf9a       0x33 u8g2_input_value.o
 .debug_pubnames
                0x0000cfcd       0x51 u8g2_intersection.o
 .debug_pubnames
                0x0000d01e       0x41 u8g2_kerning.o
 .debug_pubnames
                0x0000d05f       0x24 u8g2_line.o
 .debug_pubnames
                0x0000d083       0x5e u8g2_ll_hvline.o
 .debug_pubnames
                0x0000d0e1       0x4a u8g2_message.o
 .debug_pubnames
                0x0000d12b       0x77 u8g2_polygon.o
 .debug_pubnames
                0x0000d1a2       0x7e u8g2_selection_list.o
 .debug_pubnames
                0x0000d220      0x18b u8g2_setup.o
 .debug_pubnames
                0x0000d3ab      0x113 u8log.o
 .debug_pubnames
                0x0000d4be       0x35 u8log_u8g2.o
 .debug_pubnames
                0x0000d4f3       0x35 u8log_u8x8.o
 .debug_pubnames
                0x0000d528      0x144 u8x8_8x8.o
 .debug_pubnames
                0x0000d66c      0x169 u8x8_byte.o
 .debug_pubnames
                0x0000d7d5      0x18e u8x8_cad.o
 .debug_pubnames
                0x0000d963       0x28 u8x8_debounce.o
 .debug_pubnames
                0x0000d98b      0x148 u8x8_display.o
 .debug_pubnames
                0x0000dad3       0x69 u8x8_d_a2printer.o
 .debug_pubnames
                0x0000db3c       0x49 u8x8_d_il3820_296x128.o
 .debug_pubnames
                0x0000db85       0x2e u8x8_d_ist3020.o
 .debug_pubnames
                0x0000dbb3       0x46 u8x8_d_ks0108.o
 .debug_pubnames
                0x0000dbf9       0x78 u8x8_d_lc7981.o
 .debug_pubnames
                0x0000dc71       0x2a u8x8_d_ld7032_60x32.o
 .debug_pubnames
                0x0000dc9b       0x50 u8x8_d_ls013b7dh03.o
 .debug_pubnames
                0x0000dceb       0x59 u8x8_d_max7219.o
 .debug_pubnames
                0x0000dd44       0x2b u8x8_d_pcd8544_84x48.o
 .debug_pubnames
                0x0000dd6f       0x2b u8x8_d_pcf8812.o
 .debug_pubnames
                0x0000dd9a       0x2a u8x8_d_pcf8814_hx1230.o
 .debug_pubnames
                0x0000ddc4       0x46 u8x8_d_sbn1661.o
 .debug_pubnames
                0x0000de0a       0x7f u8x8_d_sed1330.o
 .debug_pubnames
                0x0000de89       0x2a u8x8_d_sh1106_64x32.o
 .debug_pubnames
                0x0000deb3       0x2f u8x8_d_sh1106_72x40.o
 .debug_pubnames
                0x0000dee2       0x63 u8x8_d_sh1107.o
 .debug_pubnames
                0x0000df45       0x2c u8x8_d_sh1108.o
 .debug_pubnames
                0x0000df71       0x44 u8x8_d_sh1122.o
 .debug_pubnames
                0x0000dfb5       0x79 u8x8_d_ssd1305.o
 .debug_pubnames
                0x0000e02e       0x36 u8x8_d_ssd1306_128x32.o
 .debug_pubnames
                0x0000e064       0xd4 u8x8_d_ssd1306_128x64_noname.o
 .debug_pubnames
                0x0000e138       0x33 u8x8_d_ssd1306_48x64.o
 .debug_pubnames
                0x0000e16b       0x4e u8x8_d_ssd1306_64x32.o
 .debug_pubnames
                0x0000e1b9       0x2e u8x8_d_ssd1306_64x48.o
 .debug_pubnames
                0x0000e1e7       0x2e u8x8_d_ssd1306_96x16.o
 .debug_pubnames
                0x0000e215       0x56 u8x8_d_ssd1309.o
 .debug_pubnames
                0x0000e26b       0x2b u8x8_d_ssd1317.o
 .debug_pubnames
                0x0000e296       0x83 u8x8_d_ssd1322.o
 .debug_pubnames
                0x0000e319       0x4c u8x8_d_ssd1325.o
 .debug_pubnames
                0x0000e365       0x2f u8x8_d_ssd1326.o
 .debug_pubnames
                0x0000e394       0x70 u8x8_d_ssd1327.o
 .debug_pubnames
                0x0000e404       0x33 u8x8_d_ssd1329.o
 .debug_pubnames
                0x0000e437       0x2c u8x8_d_ssd1606_172x72.o
 .debug_pubnames
                0x0000e463       0x69 u8x8_d_ssd1607_200x200.o
 .debug_pubnames
                0x0000e4cc       0xa2 u8x8_d_st75256.o
 .debug_pubnames
                0x0000e56e      0x15b u8x8_d_st7565.o
 .debug_pubnames
                0x0000e6c9       0xa0 u8x8_d_st7567.o
 .debug_pubnames
                0x0000e769       0x2f u8x8_d_st7586s_erc240160.o
 .debug_pubnames
                0x0000e798       0x30 u8x8_d_st7586s_s028hn118a.o
 .debug_pubnames
                0x0000e7c8       0x2d u8x8_d_st7588.o
 .debug_pubnames
                0x0000e7f5       0x5d u8x8_d_st7920.o
 .debug_pubnames
                0x0000e852       0x68 u8x8_d_stdio.o
 .debug_pubnames
                0x0000e8ba       0xa3 u8x8_d_t6963.o
 .debug_pubnames
                0x0000e95d       0x2b u8x8_d_uc1601.o
 .debug_pubnames
                0x0000e988       0x46 u8x8_d_uc1604.o
 .debug_pubnames
                0x0000e9ce       0x7c u8x8_d_uc1608.o
 .debug_pubnames
                0x0000ea4a       0x30 u8x8_d_uc1610.o
 .debug_pubnames
                0x0000ea7a       0x80 u8x8_d_uc1611.o
 .debug_pubnames
                0x0000eafa       0x47 u8x8_d_uc1617.o
 .debug_pubnames
                0x0000eb41       0x45 u8x8_d_uc1638.o
 .debug_pubnames
                0x0000eb86       0x2f u8x8_d_uc1701_dogs102.o
 .debug_pubnames
                0x0000ebb5       0x2e u8x8_d_uc1701_mini12864.o
 .debug_pubnames
                0x0000ebe3      0x5ce u8x8_fonts.o
 .debug_pubnames
                0x0000f1b1       0x25 u8x8_gpio.o
 .debug_pubnames
                0x0000f1d6       0x33 u8x8_input_value.o
 .debug_pubnames
                0x0000f209       0x4a u8x8_message.o
 .debug_pubnames
                0x0000f253       0x88 u8x8_selection_list.o
 .debug_pubnames
                0x0000f2db       0x5d u8x8_setup.o
 .debug_pubnames
                0x0000f338       0x8d u8x8_string.o
 .debug_pubnames
                0x0000f3c5       0x33 u8x8_u16toa.o
 .debug_pubnames
                0x0000f3f8       0x31 u8x8_u8toa.o

.debug_info     0x00000000    0x41aec
 *(.debug_info)
 .debug_info    0x00000000      0x2d9 i2c_master.o
 .debug_info    0x000002d9      0xbdf main.o
 .debug_info    0x00000eb8      0xb49 u8g2_bitmap.o
 .debug_info    0x00001a01      0xa3d u8g2_box.o
 .debug_info    0x0000243e      0x9d3 u8g2_buffer.o
 .debug_info    0x00002e11      0xf78 u8g2_circle.o
 .debug_info    0x00003d89      0x806 u8g2_cleardisplay.o
 .debug_info    0x0000458f     0x228f u8g2_d_memory.o
 .debug_info    0x0000681e     0xe447 u8g2_d_setup.o
 .debug_info    0x00014c65     0x1a5f u8g2_font.o
 .debug_info    0x000166c4     0xb676 u8g2_fonts.o
 .debug_info    0x00021d3a      0xac9 u8g2_hvline.o
 .debug_info    0x00022803      0x913 u8g2_input_value.o
 .debug_info    0x00023116      0x891 u8g2_intersection.o
 .debug_info    0x000239a7      0x969 u8g2_kerning.o
 .debug_info    0x00024310      0x8b7 u8g2_line.o
 .debug_info    0x00024bc7      0x939 u8g2_ll_hvline.o
 .debug_info    0x00025500      0x97f u8g2_message.o
 .debug_info    0x00025e7f      0xe91 u8g2_polygon.o
 .debug_info    0x00026d10      0xb6d u8g2_selection_list.o
 .debug_info    0x0002787d      0xc71 u8g2_setup.o
 .debug_info    0x000284ee      0x5e0 u8log.o
 .debug_info    0x00028ace      0x9ab u8log_u8g2.o
 .debug_info    0x00029479      0x577 u8log_u8x8.o
 .debug_info    0x000299f0      0xaff u8x8_8x8.o
 .debug_info    0x0002a4ef      0xae8 u8x8_byte.o
 .debug_info    0x0002afd7      0x9b2 u8x8_cad.o
 .debug_info    0x0002b989      0x46a u8x8_debounce.o
 .debug_info    0x0002bdf3      0x6bf u8x8_display.o
 .debug_info    0x0002c4b2      0x4fa u8x8_d_a2printer.o
 .debug_info    0x0002c9ac      0x68a u8x8_d_il3820_296x128.o
 .debug_info    0x0002d036      0x4c7 u8x8_d_ist3020.o
 .debug_info    0x0002d4fd      0x57d u8x8_d_ks0108.o
 .debug_info    0x0002da7a      0x696 u8x8_d_lc7981.o
 .debug_info    0x0002e110      0x54a u8x8_d_ld7032_60x32.o
 .debug_info    0x0002e65a      0x4a9 u8x8_d_ls013b7dh03.o
 .debug_info    0x0002eb03      0x63b u8x8_d_max7219.o
 .debug_info    0x0002f13e      0x4ab u8x8_d_pcd8544_84x48.o
 .debug_info    0x0002f5e9      0x51e u8x8_d_pcf8812.o
 .debug_info    0x0002fb07      0x53a u8x8_d_pcf8814_hx1230.o
 .debug_info    0x00030041      0x4da u8x8_d_sbn1661.o
 .debug_info    0x0003051b      0x617 u8x8_d_sed1330.o
 .debug_info    0x00030b32      0x54a u8x8_d_sh1106_64x32.o
 .debug_info    0x0003107c      0x54a u8x8_d_sh1106_72x40.o
 .debug_info    0x000315c6      0x654 u8x8_d_sh1107.o
 .debug_info    0x00031c1a      0x54a u8x8_d_sh1108.o
 .debug_info    0x00032164      0x5c1 u8x8_d_sh1122.o
 .debug_info    0x00032725      0x62d u8x8_d_ssd1305.o
 .debug_info    0x00032d52      0x54a u8x8_d_ssd1306_128x32.o
 .debug_info    0x0003329c      0x767 u8x8_d_ssd1306_128x64_noname.o
 .debug_info    0x00033a03      0x54a u8x8_d_ssd1306_48x64.o
 .debug_info    0x00033f4d      0x596 u8x8_d_ssd1306_64x32.o
 .debug_info    0x000344e3      0x54a u8x8_d_ssd1306_64x48.o
 .debug_info    0x00034a2d      0x54a u8x8_d_ssd1306_96x16.o
 .debug_info    0x00034f77      0x596 u8x8_d_ssd1309.o
 .debug_info    0x0003550d      0x54a u8x8_d_ssd1317.o
 .debug_info    0x00035a57      0x7e9 u8x8_d_ssd1322.o
 .debug_info    0x00036240      0x6d6 u8x8_d_ssd1325.o
 .debug_info    0x00036916      0x639 u8x8_d_ssd1326.o
 .debug_info    0x00036f4f      0x77c u8x8_d_ssd1327.o
 .debug_info    0x000376cb      0x63a u8x8_d_ssd1329.o
 .debug_info    0x00037d05      0x5cb u8x8_d_ssd1606_172x72.o
 .debug_info    0x000382d0      0x6e6 u8x8_d_ssd1607_200x200.o
 .debug_info    0x000389b6      0x80c u8x8_d_st75256.o
 .debug_info    0x000391c2      0xa54 u8x8_d_st7565.o
 .debug_info    0x00039c16      0x7d8 u8x8_d_st7567.o
 .debug_info    0x0003a3ee      0x51b u8x8_d_st7586s_erc240160.o
 .debug_info    0x0003a909      0x5a9 u8x8_d_st7586s_s028hn118a.o
 .debug_info    0x0003aeb2      0x54a u8x8_d_st7588.o
 .debug_info    0x0003b3fc      0x578 u8x8_d_st7920.o
 .debug_info    0x0003b974      0x4d1 u8x8_d_stdio.o
 .debug_info    0x0003be45      0x71b u8x8_d_t6963.o
 .debug_info    0x0003c560      0x4d7 u8x8_d_uc1601.o
 .debug_info    0x0003ca37      0x53d u8x8_d_uc1604.o
 .debug_info    0x0003cf74      0x63a u8x8_d_uc1608.o
 .debug_info    0x0003d5ae      0x55a u8x8_d_uc1610.o
 .debug_info    0x0003db08      0x731 u8x8_d_uc1611.o
 .debug_info    0x0003e239      0x52d u8x8_d_uc1617.o
 .debug_info    0x0003e766      0x539 u8x8_d_uc1638.o
 .debug_info    0x0003ec9f      0x4c7 u8x8_d_uc1701_dogs102.o
 .debug_info    0x0003f166      0x4c7 u8x8_d_uc1701_mini12864.o
 .debug_info    0x0003f62d      0x58d u8x8_fonts.o
 .debug_info    0x0003fbba      0x39a u8x8_gpio.o
 .debug_info    0x0003ff54      0x466 u8x8_input_value.o
 .debug_info    0x000403ba      0x4be u8x8_message.o
 .debug_info    0x00040878      0x5b7 u8x8_selection_list.o
 .debug_info    0x00040e2f      0x4a6 u8x8_setup.o
 .debug_info    0x000412d5      0x562 u8x8_string.o
 .debug_info    0x00041837      0x14e u8x8_u16toa.o
 .debug_info    0x00041985      0x167 u8x8_u8toa.o
 *(.gnu.linkonce.wi.*)

.debug_abbrev   0x00000000     0x7ced
 *(.debug_abbrev)
 .debug_abbrev  0x00000000       0xd4 i2c_master.o
 .debug_abbrev  0x000000d4      0x226 main.o
 .debug_abbrev  0x000002fa      0x159 u8g2_bitmap.o
 .debug_abbrev  0x00000453      0x146 u8g2_box.o
 .debug_abbrev  0x00000599      0x1c2 u8g2_buffer.o
 .debug_abbrev  0x0000075b      0x23d u8g2_circle.o
 .debug_abbrev  0x00000998       0xf0 u8g2_cleardisplay.o
 .debug_abbrev  0x00000a88       0xdb u8g2_d_memory.o
 .debug_abbrev  0x00000b63      0x169 u8g2_d_setup.o
 .debug_abbrev  0x00000ccc      0x323 u8g2_font.o
 .debug_abbrev  0x00000fef       0x95 u8g2_fonts.o
 .debug_abbrev  0x00001084      0x1f4 u8g2_hvline.o
 .debug_abbrev  0x00001278      0x12e u8g2_input_value.o
 .debug_abbrev  0x000013a6      0x129 u8g2_intersection.o
 .debug_abbrev  0x000014cf      0x156 u8g2_kerning.o
 .debug_abbrev  0x00001625      0x12a u8g2_line.o
 .debug_abbrev  0x0000174f      0x150 u8g2_ll_hvline.o
 .debug_abbrev  0x0000189f      0x145 u8g2_message.o
 .debug_abbrev  0x000019e4      0x28c u8g2_polygon.o
 .debug_abbrev  0x00001c70      0x19e u8g2_selection_list.o
 .debug_abbrev  0x00001e0e      0x1b5 u8g2_setup.o
 .debug_abbrev  0x00001fc3      0x1e9 u8log.o
 .debug_abbrev  0x000021ac      0x141 u8log_u8g2.o
 .debug_abbrev  0x000022ed      0x147 u8log_u8x8.o
 .debug_abbrev  0x00002434      0x209 u8x8_8x8.o
 .debug_abbrev  0x0000263d      0x211 u8x8_byte.o
 .debug_abbrev  0x0000284e      0x19c u8x8_cad.o
 .debug_abbrev  0x000029ea      0x154 u8x8_debounce.o
 .debug_abbrev  0x00002b3e      0x158 u8x8_display.o
 .debug_abbrev  0x00002c96      0x118 u8x8_d_a2printer.o
 .debug_abbrev  0x00002dae      0x1c4 u8x8_d_il3820_296x128.o
 .debug_abbrev  0x00002f72      0x10e u8x8_d_ist3020.o
 .debug_abbrev  0x00003080      0x132 u8x8_d_ks0108.o
 .debug_abbrev  0x000031b2      0x1b0 u8x8_d_lc7981.o
 .debug_abbrev  0x00003362      0x168 u8x8_d_ld7032_60x32.o
 .debug_abbrev  0x000034ca      0x109 u8x8_d_ls013b7dh03.o
 .debug_abbrev  0x000035d3      0x178 u8x8_d_max7219.o
 .debug_abbrev  0x0000374b      0x10e u8x8_d_pcd8544_84x48.o
 .debug_abbrev  0x00003859      0x168 u8x8_d_pcf8812.o
 .debug_abbrev  0x000039c1      0x168 u8x8_d_pcf8814_hx1230.o
 .debug_abbrev  0x00003b29      0x10e u8x8_d_sbn1661.o
 .debug_abbrev  0x00003c37      0x154 u8x8_d_sed1330.o
 .debug_abbrev  0x00003d8b      0x168 u8x8_d_sh1106_64x32.o
 .debug_abbrev  0x00003ef3      0x168 u8x8_d_sh1106_72x40.o
 .debug_abbrev  0x0000405b      0x178 u8x8_d_sh1107.o
 .debug_abbrev  0x000041d3      0x168 u8x8_d_sh1108.o
 .debug_abbrev  0x0000433b      0x1ab u8x8_d_sh1122.o
 .debug_abbrev  0x000044e6      0x178 u8x8_d_ssd1305.o
 .debug_abbrev  0x0000465e      0x168 u8x8_d_ssd1306_128x32.o
 .debug_abbrev  0x000047c6      0x15f u8x8_d_ssd1306_128x64_noname.o
 .debug_abbrev  0x00004925      0x168 u8x8_d_ssd1306_48x64.o
 .debug_abbrev  0x00004a8d      0x132 u8x8_d_ssd1306_64x32.o
 .debug_abbrev  0x00004bbf      0x168 u8x8_d_ssd1306_64x48.o
 .debug_abbrev  0x00004d27      0x168 u8x8_d_ssd1306_96x16.o
 .debug_abbrev  0x00004e8f      0x169 u8x8_d_ssd1309.o
 .debug_abbrev  0x00004ff8      0x168 u8x8_d_ssd1317.o
 .debug_abbrev  0x00005160      0x1fb u8x8_d_ssd1322.o
 .debug_abbrev  0x0000535b      0x1c4 u8x8_d_ssd1325.o
 .debug_abbrev  0x0000551f      0x192 u8x8_d_ssd1326.o
 .debug_abbrev  0x000056b1      0x1c4 u8x8_d_ssd1327.o
 .debug_abbrev  0x00005875      0x1a1 u8x8_d_ssd1329.o
 .debug_abbrev  0x00005a16      0x200 u8x8_d_ssd1606_172x72.o
 .debug_abbrev  0x00005c16      0x1c4 u8x8_d_ssd1607_200x200.o
 .debug_abbrev  0x00005dda      0x16e u8x8_d_st75256.o
 .debug_abbrev  0x00005f48      0x154 u8x8_d_st7565.o
 .debug_abbrev  0x0000609c      0x17a u8x8_d_st7567.o
 .debug_abbrev  0x00006216      0x12a u8x8_d_st7586s_erc240160.o
 .debug_abbrev  0x00006340      0x17e u8x8_d_st7586s_s028hn118a.o
 .debug_abbrev  0x000064be      0x168 u8x8_d_st7588.o
 .debug_abbrev  0x00006626      0x10e u8x8_d_st7920.o
 .debug_abbrev  0x00006734      0x143 u8x8_d_stdio.o
 .debug_abbrev  0x00006877      0x154 u8x8_d_t6963.o
 .debug_abbrev  0x000069cb      0x10e u8x8_d_uc1601.o
 .debug_abbrev  0x00006ad9      0x10e u8x8_d_uc1604.o
 .debug_abbrev  0x00006be7      0x154 u8x8_d_uc1608.o
 .debug_abbrev  0x00006d3b      0x191 u8x8_d_uc1610.o
 .debug_abbrev  0x00006ecc      0x170 u8x8_d_uc1611.o
 .debug_abbrev  0x0000703c      0x10e u8x8_d_uc1617.o
 .debug_abbrev  0x0000714a      0x11b u8x8_d_uc1638.o
 .debug_abbrev  0x00007265      0x10e u8x8_d_uc1701_dogs102.o
 .debug_abbrev  0x00007373      0x10e u8x8_d_uc1701_mini12864.o
 .debug_abbrev  0x00007481       0x84 u8x8_fonts.o
 .debug_abbrev  0x00007505       0xcb u8x8_gpio.o
 .debug_abbrev  0x000075d0       0xed u8x8_input_value.o
 .debug_abbrev  0x000076bd      0x104 u8x8_message.o
 .debug_abbrev  0x000077c1      0x161 u8x8_selection_list.o
 .debug_abbrev  0x00007922      0x113 u8x8_setup.o
 .debug_abbrev  0x00007a35      0x12a u8x8_string.o
 .debug_abbrev  0x00007b5f       0xb9 u8x8_u16toa.o
 .debug_abbrev  0x00007c18       0xd5 u8x8_u8toa.o

.debug_line     0x00000000    0x166d4
 *(.debug_line)
 .debug_line    0x00000000      0x318 i2c_master.o
 .debug_line    0x00000318      0x48c main.o
 .debug_line    0x000007a4      0x425 u8g2_bitmap.o
 .debug_line    0x00000bc9      0x2d6 u8g2_box.o
 .debug_line    0x00000e9f      0x267 u8g2_buffer.o
 .debug_line    0x00001106      0x628 u8g2_circle.o
 .debug_line    0x0000172e       0xd9 u8g2_cleardisplay.o
 .debug_line    0x00001807     0x11e4 u8g2_d_memory.o
 .debug_line    0x000029eb     0x6138 u8g2_d_setup.o
 .debug_line    0x00008b23      0xf1c u8g2_font.o
 .debug_line    0x00009a3f       0x8c u8g2_fonts.o
 .debug_line    0x00009acb      0x31b u8g2_hvline.o
 .debug_line    0x00009de6      0x1ec u8g2_input_value.o
 .debug_line    0x00009fd2      0x103 u8g2_intersection.o
 .debug_line    0x0000a0d5      0x15e u8g2_kerning.o
 .debug_line    0x0000a233      0x13b u8g2_line.o
 .debug_line    0x0000a36e      0x26d u8g2_ll_hvline.o
 .debug_line    0x0000a5db      0x250 u8g2_message.o
 .debug_line    0x0000a82b      0x4f8 u8g2_polygon.o
 .debug_line    0x0000ad23      0x37f u8g2_selection_list.o
 .debug_line    0x0000b0a2      0x496 u8g2_setup.o
 .debug_line    0x0000b538      0x48f u8log.o
 .debug_line    0x0000b9c7      0x164 u8log_u8g2.o
 .debug_line    0x0000bb2b      0x144 u8log_u8x8.o
 .debug_line    0x0000bc6f      0x6ad u8x8_8x8.o
 .debug_line    0x0000c31c      0x8cb u8x8_byte.o
 .debug_line    0x0000cbe7      0x822 u8x8_cad.o
 .debug_line    0x0000d409      0x181 u8x8_debounce.o
 .debug_line    0x0000d58a      0x32a u8x8_display.o
 .debug_line    0x0000d8b4      0x222 u8x8_d_a2printer.o
 .debug_line    0x0000dad6      0x2d6 u8x8_d_il3820_296x128.o
 .debug_line    0x0000ddac      0x19c u8x8_d_ist3020.o
 .debug_line    0x0000df48      0x3fc u8x8_d_ks0108.o
 .debug_line    0x0000e344      0x28a u8x8_d_lc7981.o
 .debug_line    0x0000e5ce      0x1cc u8x8_d_ld7032_60x32.o
 .debug_line    0x0000e79a      0x196 u8x8_d_ls013b7dh03.o
 .debug_line    0x0000e930      0x258 u8x8_d_max7219.o
 .debug_line    0x0000eb88      0x1a2 u8x8_d_pcd8544_84x48.o
 .debug_line    0x0000ed2a      0x16f u8x8_d_pcf8812.o
 .debug_line    0x0000ee99      0x196 u8x8_d_pcf8814_hx1230.o
 .debug_line    0x0000f02f      0x1de u8x8_d_sbn1661.o
 .debug_line    0x0000f20d      0x228 u8x8_d_sed1330.o
 .debug_line    0x0000f435      0x1a4 u8x8_d_sh1106_64x32.o
 .debug_line    0x0000f5d9      0x1a4 u8x8_d_sh1106_72x40.o
 .debug_line    0x0000f77d      0x23f u8x8_d_sh1107.o
 .debug_line    0x0000f9bc      0x19e u8x8_d_sh1108.o
 .debug_line    0x0000fb5a      0x254 u8x8_d_sh1122.o
 .debug_line    0x0000fdae      0x298 u8x8_d_ssd1305.o
 .debug_line    0x00010046      0x19e u8x8_d_ssd1306_128x32.o
 .debug_line    0x000101e4      0x328 u8x8_d_ssd1306_128x64_noname.o
 .debug_line    0x0001050c      0x1a5 u8x8_d_ssd1306_48x64.o
 .debug_line    0x000106b1      0x211 u8x8_d_ssd1306_64x32.o
 .debug_line    0x000108c2      0x1a5 u8x8_d_ssd1306_64x48.o
 .debug_line    0x00010a67      0x1a5 u8x8_d_ssd1306_96x16.o
 .debug_line    0x00010c0c      0x223 u8x8_d_ssd1309.o
 .debug_line    0x00010e2f      0x19f u8x8_d_ssd1317.o
 .debug_line    0x00010fce      0x4c8 u8x8_d_ssd1322.o
 .debug_line    0x00011496      0x365 u8x8_d_ssd1325.o
 .debug_line    0x000117fb      0x282 u8x8_d_ssd1326.o
 .debug_line    0x00011a7d      0x3a1 u8x8_d_ssd1327.o
 .debug_line    0x00011e1e      0x2c4 u8x8_d_ssd1329.o
 .debug_line    0x000120e2      0x289 u8x8_d_ssd1606_172x72.o
 .debug_line    0x0001236b      0x389 u8x8_d_ssd1607_200x200.o
 .debug_line    0x000126f4      0x6d5 u8x8_d_st75256.o
 .debug_line    0x00012dc9      0x5cf u8x8_d_st7565.o
 .debug_line    0x00013398      0x57c u8x8_d_st7567.o
 .debug_line    0x00013914      0x24a u8x8_d_st7586s_erc240160.o
 .debug_line    0x00013b5e      0x22c u8x8_d_st7586s_s028hn118a.o
 .debug_line    0x00013d8a      0x206 u8x8_d_st7588.o
 .debug_line    0x00013f90      0x1df u8x8_d_st7920.o
 .debug_line    0x0001416f      0x18c u8x8_d_stdio.o
 .debug_line    0x000142fb      0x2aa u8x8_d_t6963.o
 .debug_line    0x000145a5      0x19b u8x8_d_uc1601.o
 .debug_line    0x00014740      0x1c5 u8x8_d_uc1604.o
 .debug_line    0x00014905      0x24f u8x8_d_uc1608.o
 .debug_line    0x00014b54      0x233 u8x8_d_uc1610.o
 .debug_line    0x00014d87      0x3f3 u8x8_d_uc1611.o
 .debug_line    0x0001517a      0x1d5 u8x8_d_uc1617.o
 .debug_line    0x0001534f      0x1dd u8x8_d_uc1638.o
 .debug_line    0x0001552c      0x1b3 u8x8_d_uc1701_dogs102.o
 .debug_line    0x000156df      0x1b5 u8x8_d_uc1701_mini12864.o
 .debug_line    0x00015894       0x8c u8x8_fonts.o
 .debug_line    0x00015920       0xb7 u8x8_gpio.o
 .debug_line    0x000159d7      0x1c8 u8x8_input_value.o
 .debug_line    0x00015b9f      0x250 u8x8_message.o
 .debug_line    0x00015def      0x2cb u8x8_selection_list.o
 .debug_line    0x000160ba      0x196 u8x8_setup.o
 .debug_line    0x00016250      0x25b u8x8_string.o
 .debug_line    0x000164ab      0x111 u8x8_u16toa.o
 .debug_line    0x000165bc      0x118 u8x8_u8toa.o

.debug_frame    0x00000000     0x4290
 *(.debug_frame)
 .debug_frame   0x00000000       0xb0 i2c_master.o
 .debug_frame   0x000000b0       0x50 main.o
 .debug_frame   0x00000100       0x80 u8g2_bitmap.o
 .debug_frame   0x00000180       0x50 u8g2_box.o
 .debug_frame   0x000001d0       0x70 u8g2_buffer.o
 .debug_frame   0x00000240       0x90 u8g2_circle.o
 .debug_frame   0x000002d0       0x20 u8g2_cleardisplay.o
 .debug_frame   0x000002f0      0x7c0 u8g2_d_memory.o
 .debug_frame   0x00000ab0     0x1d50 u8g2_d_setup.o
 .debug_frame   0x00002800      0x2f0 u8g2_font.o
 .debug_frame   0x00002af0       0x80 u8g2_hvline.o
 .debug_frame   0x00002b70       0x20 u8g2_input_value.o
 .debug_frame   0x00002b90       0x30 u8g2_intersection.o
 .debug_frame   0x00002bc0       0x30 u8g2_kerning.o
 .debug_frame   0x00002bf0       0x20 u8g2_line.o
 .debug_frame   0x00002c10       0x30 u8g2_ll_hvline.o
 .debug_frame   0x00002c40       0x30 u8g2_message.o
 .debug_frame   0x00002c70       0xa0 u8g2_polygon.o
 .debug_frame   0x00002d10       0x60 u8g2_selection_list.o
 .debug_frame   0x00002d70       0xe0 u8g2_setup.o
 .debug_frame   0x00002e50       0xf0 u8log.o
 .debug_frame   0x00002f40       0x30 u8log_u8g2.o
 .debug_frame   0x00002f70       0x40 u8log_u8x8.o
 .debug_frame   0x00002fb0      0x150 u8x8_8x8.o
 .debug_frame   0x00003100      0x160 u8x8_byte.o
 .debug_frame   0x00003260      0x130 u8x8_cad.o
 .debug_frame   0x00003390       0x20 u8x8_debounce.o
 .debug_frame   0x000033b0       0xe0 u8x8_display.o
 .debug_frame   0x00003490       0x40 u8x8_d_a2printer.o
 .debug_frame   0x000034d0       0x50 u8x8_d_il3820_296x128.o
 .debug_frame   0x00003520       0x20 u8x8_d_ist3020.o
 .debug_frame   0x00003540       0x40 u8x8_d_ks0108.o
 .debug_frame   0x00003580       0x60 u8x8_d_lc7981.o
 .debug_frame   0x000035e0       0x20 u8x8_d_ld7032_60x32.o
 .debug_frame   0x00003600       0x30 u8x8_d_ls013b7dh03.o
 .debug_frame   0x00003630       0x50 u8x8_d_max7219.o
 .debug_frame   0x00003680       0x20 u8x8_d_pcd8544_84x48.o
 .debug_frame   0x000036a0       0x20 u8x8_d_pcf8812.o
 .debug_frame   0x000036c0       0x20 u8x8_d_pcf8814_hx1230.o
 .debug_frame   0x000036e0       0x30 u8x8_d_sbn1661.o
 .debug_frame   0x00003710       0x50 u8x8_d_sed1330.o
 .debug_frame   0x00003760       0x20 u8x8_d_sh1106_64x32.o
 .debug_frame   0x00003780       0x20 u8x8_d_sh1106_72x40.o
 .debug_frame   0x000037a0       0x50 u8x8_d_sh1107.o
 .debug_frame   0x000037f0       0x20 u8x8_d_sh1108.o
 .debug_frame   0x00003810       0x30 u8x8_d_sh1122.o
 .debug_frame   0x00003840       0x50 u8x8_d_ssd1305.o
 .debug_frame   0x00003890       0x20 u8x8_d_ssd1306_128x32.o
 .debug_frame   0x000038b0       0x80 u8x8_d_ssd1306_128x64_noname.o
 .debug_frame   0x00003930       0x20 u8x8_d_ssd1306_48x64.o
 .debug_frame   0x00003950       0x40 u8x8_d_ssd1306_64x32.o
 .debug_frame   0x00003990       0x20 u8x8_d_ssd1306_64x48.o
 .debug_frame   0x000039b0       0x20 u8x8_d_ssd1306_96x16.o
 .debug_frame   0x000039d0       0x40 u8x8_d_ssd1309.o
 .debug_frame   0x00003a10       0x20 u8x8_d_ssd1317.o
 .debug_frame   0x00003a30       0x60 u8x8_d_ssd1322.o
 .debug_frame   0x00003a90       0x40 u8x8_d_ssd1325.o
 .debug_frame   0x00003ad0       0x20 u8x8_d_ssd1326.o
 .debug_frame   0x00003af0       0x50 u8x8_d_ssd1327.o
 .debug_frame   0x00003b40       0x20 u8x8_d_ssd1329.o
 .debug_frame   0x00003b60       0x30 u8x8_d_ssd1606_172x72.o
 .debug_frame   0x00003b90       0x60 u8x8_d_ssd1607_200x200.o
 .debug_frame   0x00003bf0       0x70 u8x8_d_st75256.o
 .debug_frame   0x00003c60       0xd0 u8x8_d_st7565.o
 .debug_frame   0x00003d30       0x70 u8x8_d_st7567.o
 .debug_frame   0x00003da0       0x20 u8x8_d_st7586s_erc240160.o
 .debug_frame   0x00003dc0       0x20 u8x8_d_st7586s_s028hn118a.o
 .debug_frame   0x00003de0       0x20 u8x8_d_st7588.o
 .debug_frame   0x00003e00       0x40 u8x8_d_st7920.o
 .debug_frame   0x00003e40       0x50 u8x8_d_stdio.o
 .debug_frame   0x00003e90       0x70 u8x8_d_t6963.o
 .debug_frame   0x00003f00       0x20 u8x8_d_uc1601.o
 .debug_frame   0x00003f20       0x30 u8x8_d_uc1604.o
 .debug_frame   0x00003f50       0x50 u8x8_d_uc1608.o
 .debug_frame   0x00003fa0       0x20 u8x8_d_uc1610.o
 .debug_frame   0x00003fc0       0x50 u8x8_d_uc1611.o
 .debug_frame   0x00004010       0x30 u8x8_d_uc1617.o
 .debug_frame   0x00004040       0x30 u8x8_d_uc1638.o
 .debug_frame   0x00004070       0x20 u8x8_d_uc1701_dogs102.o
 .debug_frame   0x00004090       0x20 u8x8_d_uc1701_mini12864.o
 .debug_frame   0x000040b0       0x20 u8x8_gpio.o
 .debug_frame   0x000040d0       0x20 u8x8_input_value.o
 .debug_frame   0x000040f0       0x30 u8x8_message.o
 .debug_frame   0x00004120       0x60 u8x8_selection_list.o
 .debug_frame   0x00004180       0x50 u8x8_setup.o
 .debug_frame   0x000041d0       0x60 u8x8_string.o
 .debug_frame   0x00004230       0x30 u8x8_u16toa.o
 .debug_frame   0x00004260       0x30 u8x8_u8toa.o

.debug_str      0x00000000    0x119f1
 *(.debug_str)
 .debug_str     0x00000000      0x121 i2c_master.o
                                0x162 (size before relaxing)
 .debug_str     0x00000121      0x6bf main.o
                                0x7dd (size before relaxing)
 .debug_str     0x000007e0       0xad u8g2_bitmap.o
                                0x7bc (size before relaxing)
 .debug_str     0x0000088d       0x4f u8g2_box.o
                                0x753 (size before relaxing)
 .debug_str     0x000008dc       0xd3 u8g2_buffer.o
                                0x7de (size before relaxing)
 .debug_str     0x000009af      0x15b u8g2_circle.o
                                0x867 (size before relaxing)
 .debug_str     0x00000b0a       0x2b u8g2_cleardisplay.o
                                0x72f (size before relaxing)
 .debug_str     0x00000b35      0x6fc u8g2_d_memory.o
                                0x7a1 (size before relaxing)
 .debug_str     0x00001231     0x3a16 u8g2_d_setup.o
                               0x411a (size before relaxing)
 .debug_str     0x00004c47      0x521 u8g2_font.o
                                0xc73 (size before relaxing)
 .debug_str     0x00005168     0x6ae6 u8g2_fonts.o
                               0x6ba0 (size before relaxing)
 .debug_str     0x0000bc4e       0xa7 u8g2_hvline.o
                                0x7b1 (size before relaxing)
 .debug_str     0x0000bcf5       0x65 u8g2_input_value.o
                                0x774 (size before relaxing)
 .debug_str     0x0000bd5a       0x50 u8g2_intersection.o
                                0x754 (size before relaxing)
 .debug_str     0x0000bdaa       0x3b u8g2_kerning.o
                                0x7d7 (size before relaxing)
 .debug_str     0x0000bde5       0x2c u8g2_line.o
                                0x73b (size before relaxing)
 .debug_str     0x0000be11       0x63 u8g2_ll_hvline.o
                                0x783 (size before relaxing)
 .debug_str     0x0000be74       0x8f u8g2_message.o
                                0x7aa (size before relaxing)
 .debug_str     0x0000bf03      0x1bf u8g2_polygon.o
                                0x8db (size before relaxing)
 .debug_str     0x0000c0c2      0x10c u8g2_selection_list.o
                                0x837 (size before relaxing)
 .debug_str     0x0000c1ce      0x159 u8g2_setup.o
                                0x886 (size before relaxing)
 .debug_str     0x0000c327      0x207 u8log.o
                                0x2e3 (size before relaxing)
 .debug_str     0x0000c52e       0x47 u8log_u8g2.o
                                0x814 (size before relaxing)
 .debug_str     0x0000c575       0x3e u8log_u8x8.o
                                0x495 (size before relaxing)
 .debug_str     0x0000c5b3      0x184 u8x8_8x8.o
                                0x507 (size before relaxing)
 .debug_str     0x0000c737      0x1e5 u8x8_byte.o
                                0x56d (size before relaxing)
 .debug_str     0x0000c91c      0x16b u8x8_cad.o
                                0x4e0 (size before relaxing)
 .debug_str     0x0000ca87       0x50 u8x8_debounce.o
                                0x3ca (size before relaxing)
 .debug_str     0x0000cad7      0x152 u8x8_display.o
                                0x4c7 (size before relaxing)
 .debug_str     0x0000cc29       0x8c u8x8_d_a2printer.o
                                0x43d (size before relaxing)
 .debug_str     0x0000ccb5      0x1ac u8x8_d_il3820_296x128.o
                                0x542 (size before relaxing)
 .debug_str     0x0000ce61      0x104 u8x8_d_ist3020.o
                                0x49a (size before relaxing)
 .debug_str     0x0000cf65       0xf3 u8x8_d_ks0108.o
                                0x489 (size before relaxing)
 .debug_str     0x0000d058      0x189 u8x8_d_lc7981.o
                                0x51f (size before relaxing)
 .debug_str     0x0000d1e1      0x103 u8x8_d_ld7032_60x32.o
                                0x499 (size before relaxing)
 .debug_str     0x0000d2e4       0x9c u8x8_d_ls013b7dh03.o
                                0x432 (size before relaxing)
 .debug_str     0x0000d380      0x172 u8x8_d_max7219.o
                                0x508 (size before relaxing)
 .debug_str     0x0000d4f2       0xb7 u8x8_d_pcd8544_84x48.o
                                0x44d (size before relaxing)
 .debug_str     0x0000d5a9       0xce u8x8_d_pcf8812.o
                                0x464 (size before relaxing)
 .debug_str     0x0000d677      0x10b u8x8_d_pcf8814_hx1230.o
                                0x4a1 (size before relaxing)
 .debug_str     0x0000d782       0xb7 u8x8_d_sbn1661.o
                                0x44d (size before relaxing)
 .debug_str     0x0000d839      0x155 u8x8_d_sed1330.o
                                0x4eb (size before relaxing)
 .debug_str     0x0000d98e      0x109 u8x8_d_sh1106_64x32.o
                                0x49f (size before relaxing)
 .debug_str     0x0000da97      0x10e u8x8_d_sh1106_72x40.o
                                0x4a4 (size before relaxing)
 .debug_str     0x0000dba5      0x1e6 u8x8_d_sh1107.o
                                0x57c (size before relaxing)
 .debug_str     0x0000dd8b      0x12f u8x8_d_sh1108.o
                                0x4c5 (size before relaxing)
 .debug_str     0x0000deba      0x114 u8x8_d_sh1122.o
                                0x4aa (size before relaxing)
 .debug_str     0x0000dfce      0x1ce u8x8_d_ssd1305.o
                                0x564 (size before relaxing)
 .debug_str     0x0000e19c      0x161 u8x8_d_ssd1306_128x32.o
                                0x4f7 (size before relaxing)
 .debug_str     0x0000e2fd      0x277 u8x8_d_ssd1306_128x64_noname.o
                                0x60d (size before relaxing)
 .debug_str     0x0000e574      0x122 u8x8_d_ssd1306_48x64.o
                                0x4b8 (size before relaxing)
 .debug_str     0x0000e696      0x159 u8x8_d_ssd1306_64x32.o
                                0x4ef (size before relaxing)
 .debug_str     0x0000e7ef      0x118 u8x8_d_ssd1306_64x48.o
                                0x4ae (size before relaxing)
 .debug_str     0x0000e907      0x118 u8x8_d_ssd1306_96x16.o
                                0x4ae (size before relaxing)
 .debug_str     0x0000ea1f      0x15d u8x8_d_ssd1309.o
                                0x4f3 (size before relaxing)
 .debug_str     0x0000eb7c      0x106 u8x8_d_ssd1317.o
                                0x49c (size before relaxing)
 .debug_str     0x0000ec82      0x1f4 u8x8_d_ssd1322.o
                                0x58f (size before relaxing)
 .debug_str     0x0000ee76      0x1ff u8x8_d_ssd1325.o
                                0x59a (size before relaxing)
 .debug_str     0x0000f075      0x159 u8x8_d_ssd1326.o
                                0x4f4 (size before relaxing)
 .debug_str     0x0000f1ce      0x298 u8x8_d_ssd1327.o
                                0x633 (size before relaxing)
 .debug_str     0x0000f466      0x161 u8x8_d_ssd1329.o
                                0x4fc (size before relaxing)
 .debug_str     0x0000f5c7       0xef u8x8_d_ssd1606_172x72.o
                                0x48f (size before relaxing)
 .debug_str     0x0000f6b6      0x1d8 u8x8_d_ssd1607_200x200.o
                                0x578 (size before relaxing)
 .debug_str     0x0000f88e      0x2d3 u8x8_d_st75256.o
                                0x669 (size before relaxing)
 .debug_str     0x0000fb61      0x413 u8x8_d_st7565.o
                                0x7a9 (size before relaxing)
 .debug_str     0x0000ff74      0x293 u8x8_d_st7567.o
                                0x629 (size before relaxing)
 .debug_str     0x00010207      0x103 u8x8_d_st7586s_erc240160.o
                                0x49e (size before relaxing)
 .debug_str     0x0001030a       0xe1 u8x8_d_st7586s_s028hn118a.o
                                0x4ba (size before relaxing)
 .debug_str     0x000103eb      0x111 u8x8_d_st7588.o
                                0x4a7 (size before relaxing)
 .debug_str     0x000104fc       0xe5 u8x8_d_st7920.o
                                0x47b (size before relaxing)
 .debug_str     0x000105e1       0x4f u8x8_d_stdio.o
                                0x3f6 (size before relaxing)
 .debug_str     0x00010630      0x1f3 u8x8_d_t6963.o
                                0x589 (size before relaxing)
 .debug_str     0x00010823       0xee u8x8_d_uc1601.o
                                0x484 (size before relaxing)
 .debug_str     0x00010911       0xeb u8x8_d_uc1604.o
                                0x481 (size before relaxing)
 .debug_str     0x000109fc      0x19d u8x8_d_uc1608.o
                                0x533 (size before relaxing)
 .debug_str     0x00010b99      0x113 u8x8_d_uc1610.o
                                0x4b3 (size before relaxing)
 .debug_str     0x00010cac      0x219 u8x8_d_uc1611.o
                                0x5af (size before relaxing)
 .debug_str     0x00010ec5       0xee u8x8_d_uc1617.o
                                0x484 (size before relaxing)
 .debug_str     0x00010fb3       0xea u8x8_d_uc1638.o
                                0x480 (size before relaxing)
 .debug_str     0x0001109d       0xf8 u8x8_d_uc1701_dogs102.o
                                0x48e (size before relaxing)
 .debug_str     0x00011195       0xea u8x8_d_uc1701_mini12864.o
                                0x499 (size before relaxing)
 .debug_str     0x0001127f      0x506 u8x8_fonts.o
                                0x5ab (size before relaxing)
 .debug_str     0x00011785       0x20 u8x8_gpio.o
                                0x380 (size before relaxing)
 .debug_str     0x000117a5       0x35 u8x8_input_value.o
                                0x3d1 (size before relaxing)
 .debug_str     0x000117da       0x44 u8x8_message.o
                                0x3eb (size before relaxing)
 .debug_str     0x0001181e       0x88 u8x8_selection_list.o
                                0x452 (size before relaxing)
 .debug_str     0x000118a6       0x64 u8x8_setup.o
                                0x3d4 (size before relaxing)
 .debug_str     0x0001190a       0x83 u8x8_string.o
                                0x3f6 (size before relaxing)
 .debug_str     0x0001198d       0x2c u8x8_u16toa.o
                                 0xe4 (size before relaxing)
 .debug_str     0x000119b9       0x38 u8x8_u8toa.o
                                 0xe7 (size before relaxing)

.debug_loc      0x00000000    0x29053
 *(.debug_loc)
 .debug_loc     0x00000000      0x27f i2c_master.o
 .debug_loc     0x0000027f      0x452 main.o
 .debug_loc     0x000006d1      0x656 u8g2_bitmap.o
 .debug_loc     0x00000d27      0x4b3 u8g2_box.o
 .debug_loc     0x000011da      0x1c0 u8g2_buffer.o
 .debug_loc     0x0000139a      0xaea u8g2_circle.o
 .debug_loc     0x00001e84       0x28 u8g2_cleardisplay.o
 .debug_loc     0x00001eac     0x1338 u8g2_d_memory.o
 .debug_loc     0x000031e4    0x15060 u8g2_d_setup.o
 .debug_loc     0x00018244     0x17a0 u8g2_font.o
 .debug_loc     0x000199e4      0x538 u8g2_hvline.o
 .debug_loc     0x00019f1c      0x288 u8g2_input_value.o
 .debug_loc     0x0001a1a4       0xc9 u8g2_intersection.o
 .debug_loc     0x0001a26d      0x158 u8g2_kerning.o
 .debug_loc     0x0001a3c5      0x193 u8g2_line.o
 .debug_loc     0x0001a558      0x274 u8g2_ll_hvline.o
 .debug_loc     0x0001a7cc      0x393 u8g2_message.o
 .debug_loc     0x0001ab5f      0x540 u8g2_polygon.o
 .debug_loc     0x0001b09f      0x5da u8g2_selection_list.o
 .debug_loc     0x0001b679      0x55a u8g2_setup.o
 .debug_loc     0x0001bbd3      0x414 u8log.o
 .debug_loc     0x0001bfe7      0x1ac u8log_u8g2.o
 .debug_loc     0x0001c193      0x243 u8log_u8x8.o
 .debug_loc     0x0001c3d6      0xa0c u8x8_8x8.o
 .debug_loc     0x0001cde2      0xbc9 u8x8_byte.o
 .debug_loc     0x0001d9ab      0xef4 u8x8_cad.o
 .debug_loc     0x0001e89f       0xd7 u8x8_debounce.o
 .debug_loc     0x0001e976      0x28c u8x8_display.o
 .debug_loc     0x0001ec02      0x25d u8x8_d_a2printer.o
 .debug_loc     0x0001ee5f      0x3e8 u8x8_d_il3820_296x128.o
 .debug_loc     0x0001f247      0x1aa u8x8_d_ist3020.o
 .debug_loc     0x0001f3f1      0x3e6 u8x8_d_ks0108.o
 .debug_loc     0x0001f7d7      0x2f9 u8x8_d_lc7981.o
 .debug_loc     0x0001fad0      0x18a u8x8_d_ld7032_60x32.o
 .debug_loc     0x0001fc5a      0x1e3 u8x8_d_ls013b7dh03.o
 .debug_loc     0x0001fe3d      0x420 u8x8_d_max7219.o
 .debug_loc     0x0002025d      0x1a9 u8x8_d_pcd8544_84x48.o
 .debug_loc     0x00020406      0x13d u8x8_d_pcf8812.o
 .debug_loc     0x00020543      0x17f u8x8_d_pcf8814_hx1230.o
 .debug_loc     0x000206c2      0x192 u8x8_d_sbn1661.o
 .debug_loc     0x00020854      0x354 u8x8_d_sed1330.o
 .debug_loc     0x00020ba8      0x17f u8x8_d_sh1106_64x32.o
 .debug_loc     0x00020d27      0x17f u8x8_d_sh1106_72x40.o
 .debug_loc     0x00020ea6      0x2bc u8x8_d_sh1107.o
 .debug_loc     0x00021162      0x17f u8x8_d_sh1108.o
 .debug_loc     0x000212e1      0x28d u8x8_d_sh1122.o
 .debug_loc     0x0002156e      0x29b u8x8_d_ssd1305.o
 .debug_loc     0x00021809      0x17f u8x8_d_ssd1306_128x32.o
 .debug_loc     0x00021988      0x40f u8x8_d_ssd1306_128x64_noname.o
 .debug_loc     0x00021d97      0x17f u8x8_d_ssd1306_48x64.o
 .debug_loc     0x00021f16      0x2cd u8x8_d_ssd1306_64x32.o
 .debug_loc     0x000221e3      0x17f u8x8_d_ssd1306_64x48.o
 .debug_loc     0x00022362      0x17f u8x8_d_ssd1306_96x16.o
 .debug_loc     0x000224e1      0x21f u8x8_d_ssd1309.o
 .debug_loc     0x00022700      0x17f u8x8_d_ssd1317.o
 .debug_loc     0x0002287f      0x6a7 u8x8_d_ssd1322.o
 .debug_loc     0x00022f26      0x44e u8x8_d_ssd1325.o
 .debug_loc     0x00023374      0x261 u8x8_d_ssd1326.o
 .debug_loc     0x000235d5      0x3e1 u8x8_d_ssd1327.o
 .debug_loc     0x000239b6      0x280 u8x8_d_ssd1329.o
 .debug_loc     0x00023c36      0x250 u8x8_d_ssd1606_172x72.o
 .debug_loc     0x00023e86      0x532 u8x8_d_ssd1607_200x200.o
 .debug_loc     0x000243b8      0x7e8 u8x8_d_st75256.o
 .debug_loc     0x00024ba0      0x6cc u8x8_d_st7565.o
 .debug_loc     0x0002526c      0x8ae u8x8_d_st7567.o
 .debug_loc     0x00025b1a      0x22d u8x8_d_st7586s_erc240160.o
 .debug_loc     0x00025d47      0x24b u8x8_d_st7586s_s028hn118a.o
 .debug_loc     0x00025f92      0x195 u8x8_d_st7588.o
 .debug_loc     0x00026127      0x285 u8x8_d_st7920.o
 .debug_loc     0x000263ac      0x180 u8x8_d_stdio.o
 .debug_loc     0x0002652c      0x4b8 u8x8_d_t6963.o
 .debug_loc     0x000269e4      0x1aa u8x8_d_uc1601.o
 .debug_loc     0x00026b8e      0x233 u8x8_d_uc1604.o
 .debug_loc     0x00026dc1      0x315 u8x8_d_uc1608.o
 .debug_loc     0x000270d6      0x235 u8x8_d_uc1610.o
 .debug_loc     0x0002730b      0x497 u8x8_d_uc1611.o
 .debug_loc     0x000277a2      0x233 u8x8_d_uc1617.o
 .debug_loc     0x000279d5      0x22b u8x8_d_uc1638.o
 .debug_loc     0x00027c00      0x1d0 u8x8_d_uc1701_dogs102.o
 .debug_loc     0x00027dd0      0x1d0 u8x8_d_uc1701_mini12864.o
 .debug_loc     0x00027fa0       0x3e u8x8_gpio.o
 .debug_loc     0x00027fde      0x283 u8x8_input_value.o
 .debug_loc     0x00028261      0x357 u8x8_message.o
 .debug_loc     0x000285b8      0x2f7 u8x8_selection_list.o
 .debug_loc     0x000288af      0x1ca u8x8_setup.o
 .debug_loc     0x00028a79      0x3be u8x8_string.o
 .debug_loc     0x00028e37      0x132 u8x8_u16toa.o
 .debug_loc     0x00028f69       0xea u8x8_u8toa.o

.debug_macinfo
 *(.debug_macinfo)
OUTPUT(test.elf elf32-avr)
LOAD linker stubs

.debug_ranges   0x00000000     0x2830
 .debug_ranges  0x00000000       0x60 i2c_master.o
 .debug_ranges  0x00000060       0x78 main.o
 .debug_ranges  0x000000d8       0x48 u8g2_bitmap.o
 .debug_ranges  0x00000120       0x30 u8g2_box.o
 .debug_ranges  0x00000150       0x40 u8g2_buffer.o
 .debug_ranges  0x00000190       0x50 u8g2_circle.o
 .debug_ranges  0x000001e0       0x18 u8g2_cleardisplay.o
 .debug_ranges  0x000001f8      0x3e8 u8g2_d_memory.o
 .debug_ranges  0x000005e0      0xeb0 u8g2_d_setup.o
 .debug_ranges  0x00001490      0x260 u8g2_font.o
 .debug_ranges  0x000016f0       0x98 u8g2_hvline.o
 .debug_ranges  0x00001788       0x18 u8g2_input_value.o
 .debug_ranges  0x000017a0       0x20 u8g2_intersection.o
 .debug_ranges  0x000017c0       0x20 u8g2_kerning.o
 .debug_ranges  0x000017e0       0x18 u8g2_line.o
 .debug_ranges  0x000017f8       0x20 u8g2_ll_hvline.o
 .debug_ranges  0x00001818       0x20 u8g2_message.o
 .debug_ranges  0x00001838       0xe8 u8g2_polygon.o
 .debug_ranges  0x00001920       0x38 u8g2_selection_list.o
 .debug_ranges  0x00001958       0x78 u8g2_setup.o
 .debug_ranges  0x000019d0       0x80 u8log.o
 .debug_ranges  0x00001a50       0x20 u8log_u8g2.o
 .debug_ranges  0x00001a70       0x28 u8log_u8x8.o
 .debug_ranges  0x00001a98       0xb0 u8x8_8x8.o
 .debug_ranges  0x00001b48       0xb8 u8x8_byte.o
 .debug_ranges  0x00001c00       0xa0 u8x8_cad.o
 .debug_ranges  0x00001ca0       0x18 u8x8_debounce.o
 .debug_ranges  0x00001cb8       0x78 u8x8_display.o
 .debug_ranges  0x00001d30       0x28 u8x8_d_a2printer.o
 .debug_ranges  0x00001d58       0x60 u8x8_d_il3820_296x128.o
 .debug_ranges  0x00001db8       0x18 u8x8_d_ist3020.o
 .debug_ranges  0x00001dd0       0x28 u8x8_d_ks0108.o
 .debug_ranges  0x00001df8       0x38 u8x8_d_lc7981.o
 .debug_ranges  0x00001e30       0x18 u8x8_d_ld7032_60x32.o
 .debug_ranges  0x00001e48       0x20 u8x8_d_ls013b7dh03.o
 .debug_ranges  0x00001e68       0x30 u8x8_d_max7219.o
 .debug_ranges  0x00001e98       0x18 u8x8_d_pcd8544_84x48.o
 .debug_ranges  0x00001eb0       0x18 u8x8_d_pcf8812.o
 .debug_ranges  0x00001ec8       0x18 u8x8_d_pcf8814_hx1230.o
 .debug_ranges  0x00001ee0       0x20 u8x8_d_sbn1661.o
 .debug_ranges  0x00001f00       0x30 u8x8_d_sed1330.o
 .debug_ranges  0x00001f30       0x18 u8x8_d_sh1106_64x32.o
 .debug_ranges  0x00001f48       0x18 u8x8_d_sh1106_72x40.o
 .debug_ranges  0x00001f60       0x30 u8x8_d_sh1107.o
 .debug_ranges  0x00001f90       0x18 u8x8_d_sh1108.o
 .debug_ranges  0x00001fa8       0x38 u8x8_d_sh1122.o
 .debug_ranges  0x00001fe0       0x30 u8x8_d_ssd1305.o
 .debug_ranges  0x00002010       0x18 u8x8_d_ssd1306_128x32.o
 .debug_ranges  0x00002028       0x48 u8x8_d_ssd1306_128x64_noname.o
 .debug_ranges  0x00002070       0x18 u8x8_d_ssd1306_48x64.o
 .debug_ranges  0x00002088       0x28 u8x8_d_ssd1306_64x32.o
 .debug_ranges  0x000020b0       0x18 u8x8_d_ssd1306_64x48.o
 .debug_ranges  0x000020c8       0x18 u8x8_d_ssd1306_96x16.o
 .debug_ranges  0x000020e0       0x28 u8x8_d_ssd1309.o
 .debug_ranges  0x00002108       0x18 u8x8_d_ssd1317.o
 .debug_ranges  0x00002120       0x78 u8x8_d_ssd1322.o
 .debug_ranges  0x00002198       0x68 u8x8_d_ssd1325.o
 .debug_ranges  0x00002200       0x58 u8x8_d_ssd1326.o
 .debug_ranges  0x00002258       0x70 u8x8_d_ssd1327.o
 .debug_ranges  0x000022c8       0x58 u8x8_d_ssd1329.o
 .debug_ranges  0x00002320       0x58 u8x8_d_ssd1606_172x72.o
 .debug_ranges  0x00002378       0x68 u8x8_d_ssd1607_200x200.o
 .debug_ranges  0x000023e0       0x40 u8x8_d_st75256.o
 .debug_ranges  0x00002420       0x70 u8x8_d_st7565.o
 .debug_ranges  0x00002490       0x40 u8x8_d_st7567.o
 .debug_ranges  0x000024d0       0x18 u8x8_d_st7586s_erc240160.o
 .debug_ranges  0x000024e8       0x18 u8x8_d_st7586s_s028hn118a.o
 .debug_ranges  0x00002500       0x18 u8x8_d_st7588.o
 .debug_ranges  0x00002518       0x28 u8x8_d_st7920.o
 .debug_ranges  0x00002540       0x30 u8x8_d_stdio.o
 .debug_ranges  0x00002570       0x40 u8x8_d_t6963.o
 .debug_ranges  0x000025b0       0x18 u8x8_d_uc1601.o
 .debug_ranges  0x000025c8       0x20 u8x8_d_uc1604.o
 .debug_ranges  0x000025e8       0x30 u8x8_d_uc1608.o
 .debug_ranges  0x00002618       0x48 u8x8_d_uc1610.o
 .debug_ranges  0x00002660       0x30 u8x8_d_uc1611.o
 .debug_ranges  0x00002690       0x20 u8x8_d_uc1617.o
 .debug_ranges  0x000026b0       0x20 u8x8_d_uc1638.o
 .debug_ranges  0x000026d0       0x18 u8x8_d_uc1701_dogs102.o
 .debug_ranges  0x000026e8       0x18 u8x8_d_uc1701_mini12864.o
 .debug_ranges  0x00002700       0x18 u8x8_gpio.o
 .debug_ranges  0x00002718       0x18 u8x8_input_value.o
 .debug_ranges  0x00002730       0x20 u8x8_message.o
 .debug_ranges  0x00002750       0x38 u8x8_selection_list.o
 .debug_ranges  0x00002788       0x30 u8x8_setup.o
 .debug_ranges  0x000027b8       0x38 u8x8_string.o
 .debug_ranges  0x000027f0       0x20 u8x8_u16toa.o
 .debug_ranges  0x00002810       0x20 u8x8_u8toa.o
